[2022-04-08T23:05:30.506+0800][0.043s] Using G1
[2022-04-08T23:05:30.713+0800][0.251s] Version: 17.0.2+8-LTS-86 (release)
[2022-04-08T23:05:30.713+0800][0.251s] CPUs: 16 total, 16 available
[2022-04-08T23:05:30.713+0800][0.251s] Memory: 32521M
[2022-04-08T23:05:30.713+0800][0.251s] Large Page Support: Disabled
[2022-04-08T23:05:30.713+0800][0.251s] NUMA Support: Disabled
[2022-04-08T23:05:30.713+0800][0.251s] Compressed Oops: Enabled (32-bit)
[2022-04-08T23:05:30.713+0800][0.251s] Heap Region Size: 1M
[2022-04-08T23:05:30.713+0800][0.251s] Heap Min Capacity: 512M
[2022-04-08T23:05:30.713+0800][0.251s] Heap Initial Capacity: 512M
[2022-04-08T23:05:30.713+0800][0.251s] Heap Max Capacity: 512M
[2022-04-08T23:05:30.713+0800][0.251s] Pre-touch: Enabled
[2022-04-08T23:05:30.715+0800][0.252s] Parallel Workers: 13
[2022-04-08T23:05:30.715+0800][0.252s] Concurrent Workers: 3
[2022-04-08T23:05:30.715+0800][0.252s] Concurrent Refinement Workers: 13
[2022-04-08T23:05:30.715+0800][0.252s] Periodic GC: Disabled
[2022-04-08T23:05:30.715+0800][0.253s] CDS archive(s) mapped at: [0x0000000800000000-0x0000000800bc0000-0x0000000800bc0000), size 12320768, SharedBaseAddress: 0x0000000800000000, ArchiveRelocationMode: 0.
[2022-04-08T23:05:30.715+0800][0.253s] Compressed class space mapped at: 0x0000000800c00000-0x0000000840c00000, reserved size: 1073741824
[2022-04-08T23:05:30.715+0800][0.253s] Narrow klass base: 0x0000000800000000, Narrow klass shift: 0, Narrow klass range: 0x100000000
[2022-04-08T23:05:31.877+0800][1.414s] GC(0) Pause Young (Normal) (G1 Evacuation Pause)
[2022-04-08T23:05:31.878+0800][1.415s] GC(0) Using 12 workers of 13 for evacuation
[2022-04-08T23:05:31.881+0800][1.419s] GC(0)   Pre Evacuate Collection Set: 0.1ms
[2022-04-08T23:05:31.881+0800][1.419s] GC(0)   Merge Heap Roots: 0.0ms
[2022-04-08T23:05:31.881+0800][1.419s] GC(0)   Evacuate Collection Set: 3.1ms
[2022-04-08T23:05:31.881+0800][1.419s] GC(0)   Post Evacuate Collection Set: 0.6ms
[2022-04-08T23:05:31.881+0800][1.419s] GC(0)   Other: 0.7ms
[2022-04-08T23:05:31.881+0800][1.419s] GC(0) Eden regions: 29->0(39)
[2022-04-08T23:05:31.881+0800][1.419s] GC(0) Survivor regions: 0->4(4)
[2022-04-08T23:05:31.881+0800][1.419s] GC(0) Old regions: 0->1
[2022-04-08T23:05:31.881+0800][1.419s] GC(0) Archive regions: 0->0
[2022-04-08T23:05:31.881+0800][1.419s] GC(0) Humongous regions: 0->0
[2022-04-08T23:05:31.881+0800][1.419s] GC(0) Metaspace: 9668K(9920K)->9668K(9920K) NonClass: 8550K(8704K)->8550K(8704K) Class: 1118K(1216K)->1118K(1216K)
[2022-04-08T23:05:31.881+0800][1.419s] GC(0) Pause Young (Normal) (G1 Evacuation Pause) 28M->4M(512M) 4.674ms
[2022-04-08T23:05:31.881+0800][1.419s] GC(0) User=0.06s Sys=0.05s Real=0.00s
[2022-04-08T23:05:32.650+0800][2.187s] GC(1) Pause Young (Normal) (G1 Evacuation Pause)
[2022-04-08T23:05:32.650+0800][2.187s] GC(1) Using 13 workers of 13 for evacuation
[2022-04-08T23:05:32.658+0800][2.195s] GC(1)   Pre Evacuate Collection Set: 0.1ms
[2022-04-08T23:05:32.658+0800][2.195s] GC(1)   Merge Heap Roots: 0.0ms
[2022-04-08T23:05:32.658+0800][2.195s] GC(1)   Evacuate Collection Set: 7.4ms
[2022-04-08T23:05:32.658+0800][2.195s] GC(1)   Post Evacuate Collection Set: 0.6ms
[2022-04-08T23:05:32.658+0800][2.195s] GC(1)   Other: 0.2ms
[2022-04-08T23:05:32.658+0800][2.195s] GC(1) Eden regions: 37->0(58)
[2022-04-08T23:05:32.658+0800][2.195s] GC(1) Survivor regions: 4->6(6)
[2022-04-08T23:05:32.658+0800][2.195s] GC(1) Old regions: 1->10
[2022-04-08T23:05:32.658+0800][2.195s] GC(1) Archive regions: 0->0
[2022-04-08T23:05:32.658+0800][2.195s] GC(1) Humongous regions: 4->4
[2022-04-08T23:05:32.658+0800][2.195s] GC(1) Metaspace: 15708K(15936K)->15708K(15936K) NonClass: 13886K(14016K)->13886K(14016K) Class: 1822K(1920K)->1822K(1920K)
[2022-04-08T23:05:32.658+0800][2.195s] GC(1) Pause Young (Normal) (G1 Evacuation Pause) 45M->19M(512M) 8.574ms
[2022-04-08T23:05:32.658+0800][2.195s] GC(1) User=0.00s Sys=0.00s Real=0.01s
[2022-04-08T23:05:33.274+0800][2.811s] GC(2) Pause Young (Concurrent Start) (Metadata GC Threshold)
[2022-04-08T23:05:33.274+0800][2.811s] GC(2) Using 13 workers of 13 for evacuation
[2022-04-08T23:05:33.279+0800][2.817s] GC(2)   Pre Evacuate Collection Set: 0.1ms
[2022-04-08T23:05:33.279+0800][2.817s] GC(2)   Merge Heap Roots: 0.1ms
[2022-04-08T23:05:33.279+0800][2.817s] GC(2)   Evacuate Collection Set: 3.9ms
[2022-04-08T23:05:33.279+0800][2.817s] GC(2)   Post Evacuate Collection Set: 0.8ms
[2022-04-08T23:05:33.279+0800][2.817s] GC(2)   Other: 0.3ms
[2022-04-08T23:05:33.279+0800][2.817s] GC(2) Eden regions: 46->0(77)
[2022-04-08T23:05:33.279+0800][2.817s] GC(2) Survivor regions: 6->5(8)
[2022-04-08T23:05:33.279+0800][2.817s] GC(2) Old regions: 10->16
[2022-04-08T23:05:33.279+0800][2.817s] GC(2) Archive regions: 0->0
[2022-04-08T23:05:33.279+0800][2.817s] GC(2) Humongous regions: 4->4
[2022-04-08T23:05:33.279+0800][2.817s] GC(2) Metaspace: 21247K(21504K)->21247K(21504K) NonClass: 18859K(19008K)->18859K(19008K) Class: 2387K(2496K)->2387K(2496K)
[2022-04-08T23:05:33.279+0800][2.817s] GC(2) Pause Young (Concurrent Start) (Metadata GC Threshold) 65M->24M(512M) 5.460ms
[2022-04-08T23:05:33.279+0800][2.817s] GC(2) User=0.00s Sys=0.00s Real=0.01s
[2022-04-08T23:05:33.279+0800][2.817s] GC(3) Concurrent Mark Cycle
[2022-04-08T23:05:33.279+0800][2.817s] GC(3) Concurrent Clear Claimed Marks
[2022-04-08T23:05:33.279+0800][2.817s] GC(3) Concurrent Clear Claimed Marks 0.023ms
[2022-04-08T23:05:33.279+0800][2.817s] GC(3) Concurrent Scan Root Regions
[2022-04-08T23:05:33.281+0800][2.819s] GC(3) Concurrent Scan Root Regions 1.749ms
[2022-04-08T23:05:33.281+0800][2.819s] GC(3) Concurrent Mark
[2022-04-08T23:05:33.281+0800][2.819s] GC(3) Concurrent Mark From Roots
[2022-04-08T23:05:33.281+0800][2.819s] GC(3) Using 3 workers of 3 for marking
[2022-04-08T23:05:33.287+0800][2.825s] GC(3) Concurrent Mark From Roots 6.236ms
[2022-04-08T23:05:33.287+0800][2.825s] GC(3) Concurrent Preclean
[2022-04-08T23:05:33.287+0800][2.825s] GC(3) Concurrent Preclean 0.106ms
[2022-04-08T23:05:33.288+0800][2.825s] GC(3) Pause Remark
[2022-04-08T23:05:33.290+0800][2.828s] GC(3) Pause Remark 25M->25M(512M) 2.092ms
[2022-04-08T23:05:33.290+0800][2.828s] GC(3) User=0.00s Sys=0.00s Real=0.00s
[2022-04-08T23:05:33.290+0800][2.828s] GC(3) Concurrent Mark 8.970ms
[2022-04-08T23:05:33.290+0800][2.828s] GC(3) Concurrent Rebuild Remembered Sets
[2022-04-08T23:05:33.295+0800][2.832s] GC(3) Concurrent Rebuild Remembered Sets 4.086ms
[2022-04-08T23:05:33.295+0800][2.832s] GC(3) Pause Cleanup
[2022-04-08T23:05:33.295+0800][2.832s] GC(3) Pause Cleanup 26M->26M(512M) 0.155ms
[2022-04-08T23:05:33.295+0800][2.832s] GC(3) User=0.00s Sys=0.00s Real=0.00s
[2022-04-08T23:05:33.295+0800][2.832s] GC(3) Concurrent Cleanup for Next Mark
[2022-04-08T23:05:33.295+0800][2.833s] GC(3) Concurrent Cleanup for Next Mark 0.278ms
[2022-04-08T23:05:33.295+0800][2.833s] GC(3) Concurrent Mark Cycle 15.744ms
[2022-04-08T23:05:35.140+0800][4.677s] GC(4) Pause Young (Prepare Mixed) (Metadata GC Threshold)
[2022-04-08T23:05:35.140+0800][4.677s] GC(4) Using 13 workers of 13 for evacuation
[2022-04-08T23:05:35.145+0800][4.682s] GC(4)   Pre Evacuate Collection Set: 0.1ms
[2022-04-08T23:05:35.145+0800][4.682s] GC(4)   Merge Heap Roots: 0.0ms
[2022-04-08T23:05:35.145+0800][4.682s] GC(4)   Evacuate Collection Set: 4.2ms
[2022-04-08T23:05:35.145+0800][4.682s] GC(4)   Post Evacuate Collection Set: 0.8ms
[2022-04-08T23:05:35.145+0800][4.682s] GC(4)   Other: 0.1ms
[2022-04-08T23:05:35.145+0800][4.682s] GC(4) Eden regions: 82->0(14)
[2022-04-08T23:05:35.145+0800][4.682s] GC(4) Survivor regions: 5->11(11)
[2022-04-08T23:05:35.145+0800][4.682s] GC(4) Old regions: 16->17
[2022-04-08T23:05:35.145+0800][4.682s] GC(4) Archive regions: 0->0
[2022-04-08T23:05:35.145+0800][4.682s] GC(4) Humongous regions: 5->4
[2022-04-08T23:05:35.145+0800][4.682s] GC(4) Metaspace: 35829K(36096K)->35829K(36096K) NonClass: 31616K(31744K)->31616K(31744K) Class: 4213K(4352K)->4213K(4352K)
[2022-04-08T23:05:35.145+0800][4.682s] GC(4) Pause Young (Prepare Mixed) (Metadata GC Threshold) 107M->31M(512M) 5.361ms
[2022-04-08T23:05:35.145+0800][4.682s] GC(4) User=0.00s Sys=0.00s Real=0.00s
[2022-04-08T23:05:35.216+0800][4.753s] GC(5) Pause Young (Mixed) (Metadata GC Threshold)
[2022-04-08T23:05:35.216+0800][4.753s] GC(5) Using 13 workers of 13 for evacuation
[2022-04-08T23:05:35.219+0800][4.757s] GC(5)   Pre Evacuate Collection Set: 0.1ms
[2022-04-08T23:05:35.219+0800][4.757s] GC(5)   Merge Heap Roots: 0.1ms
[2022-04-08T23:05:35.219+0800][4.757s] GC(5)   Evacuate Collection Set: 3.1ms
[2022-04-08T23:05:35.219+0800][4.757s] GC(5)   Post Evacuate Collection Set: 0.4ms
[2022-04-08T23:05:35.219+0800][4.757s] GC(5)   Other: 0.1ms
[2022-04-08T23:05:35.219+0800][4.757s] GC(5) Eden regions: 2->0(305)
[2022-04-08T23:05:35.219+0800][4.757s] GC(5) Survivor regions: 11->2(4)
[2022-04-08T23:05:35.219+0800][4.757s] GC(5) Old regions: 17->28
[2022-04-08T23:05:35.219+0800][4.757s] GC(5) Archive regions: 0->0
[2022-04-08T23:05:35.219+0800][4.757s] GC(5) Humongous regions: 4->4
[2022-04-08T23:05:35.219+0800][4.757s] GC(5) Metaspace: 36132K(36416K)->36132K(36416K) NonClass: 31883K(32000K)->31883K(32000K) Class: 4248K(4416K)->4248K(4416K)
[2022-04-08T23:05:35.219+0800][4.757s] GC(5) Pause Young (Mixed) (Metadata GC Threshold) 33M->32M(512M) 3.971ms
[2022-04-08T23:05:35.219+0800][4.757s] GC(5) User=0.00s Sys=0.00s Real=0.00s
[2022-04-08T23:05:35.288+0800][4.825s] GC(6) Pause Young (Concurrent Start) (Metadata GC Threshold)
[2022-04-08T23:05:35.288+0800][4.825s] GC(6) Using 13 workers of 13 for evacuation
[2022-04-08T23:05:35.289+0800][4.827s] GC(6)   Pre Evacuate Collection Set: 0.1ms
[2022-04-08T23:05:35.289+0800][4.827s] GC(6)   Merge Heap Roots: 0.1ms
[2022-04-08T23:05:35.290+0800][4.827s] GC(6)   Evacuate Collection Set: 0.7ms
[2022-04-08T23:05:35.290+0800][4.827s] GC(6)   Post Evacuate Collection Set: 0.5ms
[2022-04-08T23:05:35.290+0800][4.827s] GC(6)   Other: 0.1ms
[2022-04-08T23:05:35.290+0800][4.827s] GC(6) Eden regions: 5->0(306)
[2022-04-08T23:05:35.290+0800][4.827s] GC(6) Survivor regions: 2->1(39)
[2022-04-08T23:05:35.290+0800][4.827s] GC(6) Old regions: 28->28
[2022-04-08T23:05:35.290+0800][4.827s] GC(6) Archive regions: 0->0
[2022-04-08T23:05:35.290+0800][4.827s] GC(6) Humongous regions: 4->4
[2022-04-08T23:05:35.290+0800][4.827s] GC(6) Metaspace: 36502K(36736K)->36502K(36736K) NonClass: 32213K(32320K)->32213K(32320K) Class: 4288K(4416K)->4288K(4416K)
[2022-04-08T23:05:35.290+0800][4.827s] GC(6) Pause Young (Concurrent Start) (Metadata GC Threshold) 37M->32M(512M) 1.837ms
[2022-04-08T23:05:35.290+0800][4.827s] GC(6) User=0.00s Sys=0.00s Real=0.00s
[2022-04-08T23:05:35.290+0800][4.827s] GC(7) Concurrent Mark Cycle
[2022-04-08T23:05:35.290+0800][4.827s] GC(7) Concurrent Clear Claimed Marks
[2022-04-08T23:05:35.290+0800][4.827s] GC(7) Concurrent Clear Claimed Marks 0.018ms
[2022-04-08T23:05:35.290+0800][4.827s] GC(7) Concurrent Scan Root Regions
[2022-04-08T23:05:35.290+0800][4.828s] GC(7) Concurrent Scan Root Regions 0.620ms
[2022-04-08T23:05:35.290+0800][4.828s] GC(7) Concurrent Mark
[2022-04-08T23:05:35.290+0800][4.828s] GC(7) Concurrent Mark From Roots
[2022-04-08T23:05:35.290+0800][4.828s] GC(7) Using 3 workers of 3 for marking
[2022-04-08T23:05:35.307+0800][4.844s] GC(7) Concurrent Mark From Roots 16.420ms
[2022-04-08T23:05:35.307+0800][4.844s] GC(7) Concurrent Preclean
[2022-04-08T23:05:35.307+0800][4.845s] GC(7) Concurrent Preclean 0.170ms
[2022-04-08T23:05:35.307+0800][4.845s] GC(7) Pause Remark
[2022-04-08T23:05:35.323+0800][4.861s] GC(7) Pause Remark 34M->34M(512M) 15.752ms
[2022-04-08T23:05:35.323+0800][4.861s] GC(7) User=0.09s Sys=0.00s Real=0.02s
[2022-04-08T23:05:35.323+0800][4.861s] GC(7) Concurrent Mark 32.800ms
[2022-04-08T23:05:35.323+0800][4.861s] GC(7) Concurrent Rebuild Remembered Sets
[2022-04-08T23:05:35.332+0800][4.869s] GC(7) Concurrent Rebuild Remembered Sets 8.531ms
[2022-04-08T23:05:35.333+0800][4.870s] GC(7) Pause Cleanup
[2022-04-08T23:05:35.333+0800][4.870s] GC(7) Pause Cleanup 34M->34M(512M) 0.159ms
[2022-04-08T23:05:35.333+0800][4.870s] GC(7) User=0.00s Sys=0.00s Real=0.00s
[2022-04-08T23:05:35.333+0800][4.870s] GC(7) Concurrent Cleanup for Next Mark
[2022-04-08T23:05:35.334+0800][4.871s] GC(7) Concurrent Cleanup for Next Mark 0.293ms
[2022-04-08T23:05:35.334+0800][4.871s] GC(7) Concurrent Mark Cycle 43.622ms
[2022-04-08T23:24:12.118+0800][1121.655s] Heap
[2022-04-08T23:24:12.118+0800][1121.655s]  garbage-first heap   total 524288K, used 320801K [0x00000000e0000000, 0x0000000100000000)
[2022-04-08T23:24:12.118+0800][1121.655s]   region size 1024K, 280 young (286720K), 1 survivors (1024K)
[2022-04-08T23:24:12.118+0800][1121.655s]  Metaspace       used 52614K, committed 53056K, reserved 1097728K
[2022-04-08T23:24:12.118+0800][1121.655s]   class space    used 6209K, committed 6400K, reserved 1048576K
