[2022-04-08T15:39:47.741+0800][0.012s] Using G1
[2022-04-08T15:39:47.835+0800][0.103s] Version: 17.0.2+8-LTS-86 (release)
[2022-04-08T15:39:47.835+0800][0.103s] CPUs: 16 total, 16 available
[2022-04-08T15:39:47.835+0800][0.103s] Memory: 32521M
[2022-04-08T15:39:47.835+0800][0.103s] Large Page Support: Disabled
[2022-04-08T15:39:47.835+0800][0.103s] NUMA Support: Disabled
[2022-04-08T15:39:47.835+0800][0.103s] Compressed Oops: Enabled (32-bit)
[2022-04-08T15:39:47.835+0800][0.103s] Heap Region Size: 1M
[2022-04-08T15:39:47.835+0800][0.103s] Heap Min Capacity: 512M
[2022-04-08T15:39:47.835+0800][0.103s] Heap Initial Capacity: 512M
[2022-04-08T15:39:47.835+0800][0.103s] Heap Max Capacity: 512M
[2022-04-08T15:39:47.835+0800][0.103s] Pre-touch: Enabled
[2022-04-08T15:39:47.835+0800][0.104s] Parallel Workers: 13
[2022-04-08T15:39:47.835+0800][0.104s] Concurrent Workers: 3
[2022-04-08T15:39:47.835+0800][0.104s] Concurrent Refinement Workers: 13
[2022-04-08T15:39:47.835+0800][0.104s] Periodic GC: Disabled
[2022-04-08T15:39:47.835+0800][0.105s] CDS archive(s) mapped at: [0x0000000800000000-0x0000000800bc0000-0x0000000800bc0000), size 12320768, SharedBaseAddress: 0x0000000800000000, ArchiveRelocationMode: 0.
[2022-04-08T15:39:47.835+0800][0.105s] Compressed class space mapped at: 0x0000000800c00000-0x0000000840c00000, reserved size: 1073741824
[2022-04-08T15:39:47.835+0800][0.105s] Narrow klass base: 0x0000000800000000, Narrow klass shift: 0, Narrow klass range: 0x100000000
[2022-04-08T15:39:48.506+0800][0.775s] GC(0) Pause Young (Normal) (G1 Evacuation Pause)
[2022-04-08T15:39:48.506+0800][0.776s] GC(0) Using 12 workers of 13 for evacuation
[2022-04-08T15:39:48.506+0800][0.778s] GC(0)   Pre Evacuate Collection Set: 0.0ms
[2022-04-08T15:39:48.506+0800][0.778s] GC(0)   Merge Heap Roots: 0.1ms
[2022-04-08T15:39:48.506+0800][0.778s] GC(0)   Evacuate Collection Set: 2.0ms
[2022-04-08T15:39:48.506+0800][0.778s] GC(0)   Post Evacuate Collection Set: 0.4ms
[2022-04-08T15:39:48.506+0800][0.778s] GC(0)   Other: 0.4ms
[2022-04-08T15:39:48.506+0800][0.778s] GC(0) Eden regions: 29->0(38)
[2022-04-08T15:39:48.506+0800][0.778s] GC(0) Survivor regions: 0->4(4)
[2022-04-08T15:39:48.506+0800][0.778s] GC(0) Old regions: 0->2
[2022-04-08T15:39:48.506+0800][0.778s] GC(0) Archive regions: 0->0
[2022-04-08T15:39:48.506+0800][0.778s] GC(0) Humongous regions: 4->4
[2022-04-08T15:39:48.506+0800][0.778s] GC(0) Metaspace: 9989K(10176K)->9989K(10176K) NonClass: 8817K(8896K)->8817K(8896K) Class: 1172K(1280K)->1172K(1280K)
[2022-04-08T15:39:48.506+0800][0.778s] GC(0) Pause Young (Normal) (G1 Evacuation Pause) 33M->9M(512M) 3.051ms
[2022-04-08T15:39:48.506+0800][0.778s] GC(0) User=0.00s Sys=0.00s Real=0.00s
[2022-04-08T15:39:48.897+0800][1.176s] GC(1) Pause Young (Normal) (G1 Evacuation Pause)
[2022-04-08T15:39:48.897+0800][1.176s] GC(1) Using 13 workers of 13 for evacuation
[2022-04-08T15:39:48.912+0800][1.182s] GC(1)   Pre Evacuate Collection Set: 0.1ms
[2022-04-08T15:39:48.912+0800][1.182s] GC(1)   Merge Heap Roots: 0.1ms
[2022-04-08T15:39:48.912+0800][1.182s] GC(1)   Evacuate Collection Set: 5.2ms
[2022-04-08T15:39:48.912+0800][1.182s] GC(1)   Post Evacuate Collection Set: 0.7ms
[2022-04-08T15:39:48.912+0800][1.182s] GC(1)   Other: 0.2ms
[2022-04-08T15:39:48.912+0800][1.182s] GC(1) Eden regions: 36->0(49)
[2022-04-08T15:39:48.912+0800][1.182s] GC(1) Survivor regions: 4->5(5)
[2022-04-08T15:39:48.912+0800][1.182s] GC(1) Old regions: 2->12
[2022-04-08T15:39:48.912+0800][1.182s] GC(1) Archive regions: 0->0
[2022-04-08T15:39:48.912+0800][1.182s] GC(1) Humongous regions: 4->4
[2022-04-08T15:39:48.912+0800][1.182s] GC(1) Metaspace: 15686K(15936K)->15686K(15936K) NonClass: 13863K(14016K)->13863K(14016K) Class: 1822K(1920K)->1822K(1920K)
[2022-04-08T15:39:48.912+0800][1.182s] GC(1) Pause Young (Normal) (G1 Evacuation Pause) 45M->20M(512M) 6.466ms
[2022-04-08T15:39:48.912+0800][1.182s] GC(1) User=0.25s Sys=0.00s Real=0.01s
[2022-04-08T15:39:49.256+0800][1.528s] GC(2) Pause Young (Concurrent Start) (Metadata GC Threshold)
[2022-04-08T15:39:49.256+0800][1.528s] GC(2) Using 13 workers of 13 for evacuation
[2022-04-08T15:39:49.256+0800][1.531s] GC(2)   Pre Evacuate Collection Set: 0.1ms
[2022-04-08T15:39:49.256+0800][1.531s] GC(2)   Merge Heap Roots: 0.1ms
[2022-04-08T15:39:49.256+0800][1.531s] GC(2)   Evacuate Collection Set: 1.7ms
[2022-04-08T15:39:49.256+0800][1.531s] GC(2)   Post Evacuate Collection Set: 0.8ms
[2022-04-08T15:39:49.256+0800][1.531s] GC(2)   Other: 0.2ms
[2022-04-08T15:39:49.256+0800][1.531s] GC(2) Eden regions: 44->0(302)
[2022-04-08T15:39:49.256+0800][1.531s] GC(2) Survivor regions: 5->5(7)
[2022-04-08T15:39:49.256+0800][1.531s] GC(2) Old regions: 12->17
[2022-04-08T15:39:49.256+0800][1.531s] GC(2) Archive regions: 0->0
[2022-04-08T15:39:49.256+0800][1.531s] GC(2) Humongous regions: 4->4
[2022-04-08T15:39:49.256+0800][1.531s] GC(2) Metaspace: 21223K(21504K)->21223K(21504K) NonClass: 18835K(19008K)->18835K(19008K) Class: 2387K(2496K)->2387K(2496K)
[2022-04-08T15:39:49.256+0800][1.531s] GC(2) Pause Young (Concurrent Start) (Metadata GC Threshold) 64M->24M(512M) 2.991ms
[2022-04-08T15:39:49.256+0800][1.531s] GC(2) User=0.00s Sys=0.00s Real=0.00s
[2022-04-08T15:39:49.256+0800][1.531s] GC(3) Concurrent Mark Cycle
[2022-04-08T15:39:49.256+0800][1.531s] GC(3) Concurrent Clear Claimed Marks
[2022-04-08T15:39:49.256+0800][1.531s] GC(3) Concurrent Clear Claimed Marks 0.012ms
[2022-04-08T15:39:49.256+0800][1.531s] GC(3) Concurrent Scan Root Regions
[2022-04-08T15:39:49.256+0800][1.532s] GC(3) Concurrent Scan Root Regions 1.199ms
[2022-04-08T15:39:49.256+0800][1.532s] GC(3) Concurrent Mark
[2022-04-08T15:39:49.256+0800][1.532s] GC(3) Concurrent Mark From Roots
[2022-04-08T15:39:49.256+0800][1.532s] GC(3) Using 3 workers of 3 for marking
[2022-04-08T15:39:49.256+0800][1.537s] GC(3) Concurrent Mark From Roots 4.831ms
[2022-04-08T15:39:49.256+0800][1.537s] GC(3) Concurrent Preclean
[2022-04-08T15:39:49.256+0800][1.537s] GC(3) Concurrent Preclean 0.062ms
[2022-04-08T15:39:49.256+0800][1.537s] GC(3) Pause Remark
[2022-04-08T15:39:49.256+0800][1.539s] GC(3) Pause Remark 25M->25M(512M) 1.420ms
[2022-04-08T15:39:49.256+0800][1.539s] GC(3) User=0.00s Sys=0.00s Real=0.00s
[2022-04-08T15:39:49.256+0800][1.539s] GC(3) Concurrent Mark 6.632ms
[2022-04-08T15:39:49.256+0800][1.539s] GC(3) Concurrent Rebuild Remembered Sets
[2022-04-08T15:39:49.272+0800][1.542s] GC(3) Concurrent Rebuild Remembered Sets 2.932ms
[2022-04-08T15:39:49.272+0800][1.542s] GC(3) Pause Cleanup
[2022-04-08T15:39:49.272+0800][1.542s] GC(3) Pause Cleanup 26M->26M(512M) 0.156ms
[2022-04-08T15:39:49.272+0800][1.542s] GC(3) User=0.00s Sys=0.00s Real=0.00s
[2022-04-08T15:39:49.272+0800][1.542s] GC(3) Concurrent Cleanup for Next Mark
[2022-04-08T15:39:49.272+0800][1.543s] GC(3) Concurrent Cleanup for Next Mark 0.215ms
[2022-04-08T15:39:49.272+0800][1.543s] GC(3) Concurrent Mark Cycle 11.572ms
[2022-04-08T15:39:50.341+0800][2.613s] GC(4) Pause Young (Concurrent Start) (Metadata GC Threshold)
[2022-04-08T15:39:50.341+0800][2.613s] GC(4) Using 13 workers of 13 for evacuation
[2022-04-08T15:39:50.341+0800][2.618s] GC(4)   Pre Evacuate Collection Set: 0.1ms
[2022-04-08T15:39:50.341+0800][2.618s] GC(4)   Merge Heap Roots: 0.1ms
[2022-04-08T15:39:50.341+0800][2.618s] GC(4)   Evacuate Collection Set: 4.4ms
[2022-04-08T15:39:50.341+0800][2.618s] GC(4)   Post Evacuate Collection Set: 0.6ms
[2022-04-08T15:39:50.341+0800][2.618s] GC(4)   Other: 0.1ms
[2022-04-08T15:39:50.341+0800][2.618s] GC(4) Eden regions: 95->0(295)
[2022-04-08T15:39:50.341+0800][2.618s] GC(4) Survivor regions: 5->12(39)
[2022-04-08T15:39:50.341+0800][2.618s] GC(4) Old regions: 17->17
[2022-04-08T15:39:50.341+0800][2.618s] GC(4) Archive regions: 0->0
[2022-04-08T15:39:50.341+0800][2.618s] GC(4) Humongous regions: 5->4
[2022-04-08T15:39:50.341+0800][2.618s] GC(4) Metaspace: 36000K(36288K)->36000K(36288K) NonClass: 31770K(31872K)->31770K(31872K) Class: 4229K(4416K)->4229K(4416K)
[2022-04-08T15:39:50.341+0800][2.618s] GC(4) Pause Young (Concurrent Start) (Metadata GC Threshold) 120M->31M(512M) 5.429ms
[2022-04-08T15:39:50.341+0800][2.618s] GC(4) User=0.00s Sys=0.00s Real=0.00s
[2022-04-08T15:39:50.341+0800][2.618s] GC(5) Concurrent Mark Cycle
[2022-04-08T15:39:50.341+0800][2.618s] GC(5) Concurrent Clear Claimed Marks
[2022-04-08T15:39:50.341+0800][2.619s] GC(5) Concurrent Clear Claimed Marks 0.022ms
[2022-04-08T15:39:50.341+0800][2.619s] GC(5) Concurrent Scan Root Regions
[2022-04-08T15:39:50.341+0800][2.620s] GC(5) Concurrent Scan Root Regions 1.713ms
[2022-04-08T15:39:50.341+0800][2.620s] GC(5) Concurrent Mark
[2022-04-08T15:39:50.341+0800][2.620s] GC(5) Concurrent Mark From Roots
[2022-04-08T15:39:50.341+0800][2.620s] GC(5) Using 3 workers of 3 for marking
[2022-04-08T15:39:50.358+0800][2.627s] GC(5) Concurrent Mark From Roots 6.457ms
[2022-04-08T15:39:50.358+0800][2.627s] GC(5) Concurrent Preclean
[2022-04-08T15:39:50.359+0800][2.627s] GC(5) Concurrent Preclean 0.113ms
[2022-04-08T15:39:50.359+0800][2.627s] GC(5) Pause Remark
[2022-04-08T15:39:50.359+0800][2.629s] GC(5) Pause Remark 33M->33M(512M) 2.470ms
[2022-04-08T15:39:50.359+0800][2.629s] GC(5) User=0.00s Sys=0.00s Real=0.00s
[2022-04-08T15:39:50.359+0800][2.630s] GC(5) Concurrent Mark 9.273ms
[2022-04-08T15:39:50.359+0800][2.630s] GC(5) Concurrent Rebuild Remembered Sets
[2022-04-08T15:39:50.365+0800][2.634s] GC(5) Concurrent Rebuild Remembered Sets 4.118ms
[2022-04-08T15:39:50.365+0800][2.634s] GC(5) Pause Cleanup
[2022-04-08T15:39:50.365+0800][2.634s] GC(5) Pause Cleanup 33M->33M(512M) 0.099ms
[2022-04-08T15:39:50.365+0800][2.634s] GC(5) User=0.00s Sys=0.00s Real=0.00s
[2022-04-08T15:39:50.366+0800][2.634s] GC(5) Concurrent Cleanup for Next Mark
[2022-04-08T15:39:50.366+0800][2.635s] GC(5) Concurrent Cleanup for Next Mark 0.199ms
[2022-04-08T15:39:50.366+0800][2.635s] GC(5) Concurrent Mark Cycle 16.134ms
[2022-04-08T15:41:41.618+0800][113.886s] Heap
[2022-04-08T15:41:41.618+0800][113.886s]  garbage-first heap   total 524288K, used 240651K [0x00000000e0000000, 0x0000000100000000)
[2022-04-08T15:41:41.618+0800][113.886s]   region size 1024K, 216 young (221184K), 12 survivors (12288K)
[2022-04-08T15:41:41.618+0800][113.886s]  Metaspace       used 49990K, committed 50432K, reserved 1097728K
[2022-04-08T15:41:41.618+0800][113.886s]   class space    used 6026K, committed 6208K, reserved 1048576K
