[2022-04-08T21:08:18.625+0800][0.012s] Using G1
[2022-04-08T21:08:18.717+0800][0.104s] Version: 17.0.2+8-LTS-86 (release)
[2022-04-08T21:08:18.717+0800][0.104s] CPUs: 16 total, 16 available
[2022-04-08T21:08:18.717+0800][0.104s] Memory: 32521M
[2022-04-08T21:08:18.717+0800][0.104s] Large Page Support: Disabled
[2022-04-08T21:08:18.717+0800][0.104s] NUMA Support: Disabled
[2022-04-08T21:08:18.717+0800][0.104s] Compressed Oops: Enabled (32-bit)
[2022-04-08T21:08:18.717+0800][0.104s] Heap Region Size: 1M
[2022-04-08T21:08:18.717+0800][0.104s] Heap Min Capacity: 512M
[2022-04-08T21:08:18.717+0800][0.104s] Heap Initial Capacity: 512M
[2022-04-08T21:08:18.717+0800][0.104s] Heap Max Capacity: 512M
[2022-04-08T21:08:18.717+0800][0.104s] Pre-touch: Enabled
[2022-04-08T21:08:18.718+0800][0.105s] Parallel Workers: 13
[2022-04-08T21:08:18.718+0800][0.105s] Concurrent Workers: 3
[2022-04-08T21:08:18.718+0800][0.105s] Concurrent Refinement Workers: 13
[2022-04-08T21:08:18.718+0800][0.105s] Periodic GC: Disabled
[2022-04-08T21:08:18.719+0800][0.105s] CDS archive(s) mapped at: [0x0000000800000000-0x0000000800bc0000-0x0000000800bc0000), size 12320768, SharedBaseAddress: 0x0000000800000000, ArchiveRelocationMode: 0.
[2022-04-08T21:08:18.719+0800][0.105s] Compressed class space mapped at: 0x0000000800c00000-0x0000000840c00000, reserved size: 1073741824
[2022-04-08T21:08:18.719+0800][0.105s] Narrow klass base: 0x0000000800000000, Narrow klass shift: 0, Narrow klass range: 0x100000000
[2022-04-08T21:08:19.360+0800][0.746s] GC(0) Pause Young (Normal) (G1 Evacuation Pause)
[2022-04-08T21:08:19.361+0800][0.747s] GC(0) Using 12 workers of 13 for evacuation
[2022-04-08T21:08:19.363+0800][0.749s] GC(0)   Pre Evacuate Collection Set: 0.0ms
[2022-04-08T21:08:19.363+0800][0.749s] GC(0)   Merge Heap Roots: 0.0ms
[2022-04-08T21:08:19.363+0800][0.749s] GC(0)   Evacuate Collection Set: 2.0ms
[2022-04-08T21:08:19.363+0800][0.750s] GC(0)   Post Evacuate Collection Set: 0.3ms
[2022-04-08T21:08:19.363+0800][0.750s] GC(0)   Other: 0.6ms
[2022-04-08T21:08:19.363+0800][0.750s] GC(0) Eden regions: 29->0(39)
[2022-04-08T21:08:19.363+0800][0.750s] GC(0) Survivor regions: 0->4(4)
[2022-04-08T21:08:19.363+0800][0.750s] GC(0) Old regions: 0->1
[2022-04-08T21:08:19.363+0800][0.750s] GC(0) Archive regions: 0->0
[2022-04-08T21:08:19.363+0800][0.750s] GC(0) Humongous regions: 0->0
[2022-04-08T21:08:19.363+0800][0.750s] GC(0) Metaspace: 9672K(9920K)->9672K(9920K) NonClass: 8553K(8704K)->8553K(8704K) Class: 1118K(1216K)->1118K(1216K)
[2022-04-08T21:08:19.363+0800][0.750s] GC(0) Pause Young (Normal) (G1 Evacuation Pause) 28M->4M(512M) 3.179ms
[2022-04-08T21:08:19.363+0800][0.750s] GC(0) User=0.00s Sys=0.00s Real=0.00s
[2022-04-08T21:08:19.806+0800][1.192s] GC(1) Pause Young (Normal) (G1 Evacuation Pause)
[2022-04-08T21:08:19.806+0800][1.192s] GC(1) Using 13 workers of 13 for evacuation
[2022-04-08T21:08:19.813+0800][1.199s] GC(1)   Pre Evacuate Collection Set: 0.1ms
[2022-04-08T21:08:19.813+0800][1.199s] GC(1)   Merge Heap Roots: 0.1ms
[2022-04-08T21:08:19.813+0800][1.199s] GC(1)   Evacuate Collection Set: 6.0ms
[2022-04-08T21:08:19.813+0800][1.199s] GC(1)   Post Evacuate Collection Set: 0.7ms
[2022-04-08T21:08:19.813+0800][1.199s] GC(1)   Other: 0.1ms
[2022-04-08T21:08:19.813+0800][1.199s] GC(1) Eden regions: 38->0(60)
[2022-04-08T21:08:19.813+0800][1.199s] GC(1) Survivor regions: 4->6(6)
[2022-04-08T21:08:19.813+0800][1.199s] GC(1) Old regions: 1->10
[2022-04-08T21:08:19.813+0800][1.199s] GC(1) Archive regions: 0->0
[2022-04-08T21:08:19.813+0800][1.199s] GC(1) Humongous regions: 4->4
[2022-04-08T21:08:19.813+0800][1.199s] GC(1) Metaspace: 15716K(16000K)->15716K(16000K) NonClass: 13893K(14080K)->13893K(14080K) Class: 1822K(1920K)->1822K(1920K)
[2022-04-08T21:08:19.813+0800][1.199s] GC(1) Pause Young (Normal) (G1 Evacuation Pause) 46M->19M(512M) 7.187ms
[2022-04-08T21:08:19.813+0800][1.199s] GC(1) User=0.00s Sys=0.00s Real=0.01s
[2022-04-08T21:08:20.171+0800][1.557s] GC(2) Pause Young (Concurrent Start) (Metadata GC Threshold)
[2022-04-08T21:08:20.171+0800][1.557s] GC(2) Using 13 workers of 13 for evacuation
[2022-04-08T21:08:20.174+0800][1.560s] GC(2)   Pre Evacuate Collection Set: 0.1ms
[2022-04-08T21:08:20.174+0800][1.560s] GC(2)   Merge Heap Roots: 0.1ms
[2022-04-08T21:08:20.174+0800][1.560s] GC(2)   Evacuate Collection Set: 1.8ms
[2022-04-08T21:08:20.174+0800][1.560s] GC(2)   Post Evacuate Collection Set: 0.7ms
[2022-04-08T21:08:20.174+0800][1.560s] GC(2)   Other: 0.2ms
[2022-04-08T21:08:20.174+0800][1.560s] GC(2) Eden regions: 47->0(79)
[2022-04-08T21:08:20.174+0800][1.560s] GC(2) Survivor regions: 6->5(9)
[2022-04-08T21:08:20.174+0800][1.560s] GC(2) Old regions: 10->16
[2022-04-08T21:08:20.174+0800][1.560s] GC(2) Archive regions: 0->0
[2022-04-08T21:08:20.174+0800][1.560s] GC(2) Humongous regions: 4->4
[2022-04-08T21:08:20.174+0800][1.560s] GC(2) Metaspace: 21258K(21504K)->21258K(21504K) NonClass: 18870K(19008K)->18870K(19008K) Class: 2387K(2496K)->2387K(2496K)
[2022-04-08T21:08:20.174+0800][1.560s] GC(2) Pause Young (Concurrent Start) (Metadata GC Threshold) 66M->24M(512M) 3.112ms
[2022-04-08T21:08:20.174+0800][1.561s] GC(2) User=0.00s Sys=0.00s Real=0.00s
[2022-04-08T21:08:20.174+0800][1.561s] GC(3) Concurrent Mark Cycle
[2022-04-08T21:08:20.174+0800][1.561s] GC(3) Concurrent Clear Claimed Marks
[2022-04-08T21:08:20.174+0800][1.561s] GC(3) Concurrent Clear Claimed Marks 0.013ms
[2022-04-08T21:08:20.174+0800][1.561s] GC(3) Concurrent Scan Root Regions
[2022-04-08T21:08:20.175+0800][1.562s] GC(3) Concurrent Scan Root Regions 1.257ms
[2022-04-08T21:08:20.175+0800][1.562s] GC(3) Concurrent Mark
[2022-04-08T21:08:20.175+0800][1.562s] GC(3) Concurrent Mark From Roots
[2022-04-08T21:08:20.175+0800][1.562s] GC(3) Using 3 workers of 3 for marking
[2022-04-08T21:08:20.180+0800][1.566s] GC(3) Concurrent Mark From Roots 4.454ms
[2022-04-08T21:08:20.180+0800][1.566s] GC(3) Concurrent Preclean
[2022-04-08T21:08:20.180+0800][1.566s] GC(3) Concurrent Preclean 0.072ms
[2022-04-08T21:08:20.180+0800][1.567s] GC(3) Pause Remark
[2022-04-08T21:08:20.182+0800][1.568s] GC(3) Pause Remark 25M->25M(512M) 1.221ms
[2022-04-08T21:08:20.182+0800][1.568s] GC(3) User=0.00s Sys=0.00s Real=0.00s
[2022-04-08T21:08:20.182+0800][1.568s] GC(3) Concurrent Mark 6.141ms
[2022-04-08T21:08:20.182+0800][1.568s] GC(3) Concurrent Rebuild Remembered Sets
[2022-04-08T21:08:20.184+0800][1.571s] GC(3) Concurrent Rebuild Remembered Sets 2.684ms
[2022-04-08T21:08:20.185+0800][1.571s] GC(3) Pause Cleanup
[2022-04-08T21:08:20.185+0800][1.571s] GC(3) Pause Cleanup 26M->26M(512M) 0.183ms
[2022-04-08T21:08:20.185+0800][1.571s] GC(3) User=0.00s Sys=0.00s Real=0.00s
[2022-04-08T21:08:20.185+0800][1.571s] GC(3) Concurrent Cleanup for Next Mark
[2022-04-08T21:08:20.185+0800][1.571s] GC(3) Concurrent Cleanup for Next Mark 0.245ms
[2022-04-08T21:08:20.185+0800][1.571s] GC(3) Concurrent Mark Cycle 10.938ms
[2022-04-08T21:08:21.061+0800][2.448s] GC(4) Pause Young (Prepare Mixed) (G1 Evacuation Pause)
[2022-04-08T21:08:21.061+0800][2.448s] GC(4) Using 13 workers of 13 for evacuation
[2022-04-08T21:08:21.065+0800][2.452s] GC(4)   Pre Evacuate Collection Set: 0.1ms
[2022-04-08T21:08:21.065+0800][2.452s] GC(4)   Merge Heap Roots: 0.1ms
[2022-04-08T21:08:21.065+0800][2.452s] GC(4)   Evacuate Collection Set: 3.4ms
[2022-04-08T21:08:21.065+0800][2.452s] GC(4)   Post Evacuate Collection Set: 0.6ms
[2022-04-08T21:08:21.065+0800][2.452s] GC(4)   Other: 0.1ms
[2022-04-08T21:08:21.065+0800][2.452s] GC(4) Eden regions: 85->0(15)
[2022-04-08T21:08:21.065+0800][2.452s] GC(4) Survivor regions: 5->10(12)
[2022-04-08T21:08:21.065+0800][2.452s] GC(4) Old regions: 16->16
[2022-04-08T21:08:21.065+0800][2.452s] GC(4) Archive regions: 0->0
[2022-04-08T21:08:21.065+0800][2.452s] GC(4) Humongous regions: 4->4
[2022-04-08T21:08:21.066+0800][2.452s] GC(4) Metaspace: 34869K(35200K)->34869K(35200K) NonClass: 30791K(30976K)->30791K(30976K) Class: 4077K(4224K)->4077K(4224K)
[2022-04-08T21:08:21.066+0800][2.452s] GC(4) Pause Young (Prepare Mixed) (G1 Evacuation Pause) 109M->29M(512M) 4.374ms
[2022-04-08T21:08:21.066+0800][2.452s] GC(4) User=0.00s Sys=0.00s Real=0.00s
[2022-04-08T21:08:21.164+0800][2.550s] GC(5) Pause Young (Mixed) (Metadata GC Threshold)
[2022-04-08T21:08:21.164+0800][2.550s] GC(5) Using 13 workers of 13 for evacuation
[2022-04-08T21:08:21.167+0800][2.553s] GC(5)   Pre Evacuate Collection Set: 0.1ms
[2022-04-08T21:08:21.167+0800][2.553s] GC(5)   Merge Heap Roots: 0.0ms
[2022-04-08T21:08:21.167+0800][2.553s] GC(5)   Evacuate Collection Set: 2.6ms
[2022-04-08T21:08:21.167+0800][2.553s] GC(5)   Post Evacuate Collection Set: 0.4ms
[2022-04-08T21:08:21.167+0800][2.553s] GC(5)   Other: 0.1ms
[2022-04-08T21:08:21.167+0800][2.553s] GC(5) Eden regions: 11->0(304)
[2022-04-08T21:08:21.167+0800][2.553s] GC(5) Survivor regions: 10->3(4)
[2022-04-08T21:08:21.167+0800][2.553s] GC(5) Old regions: 16->26
[2022-04-08T21:08:21.167+0800][2.553s] GC(5) Archive regions: 0->0
[2022-04-08T21:08:21.167+0800][2.553s] GC(5) Humongous regions: 5->4
[2022-04-08T21:08:21.167+0800][2.554s] GC(5) Metaspace: 35942K(36288K)->35942K(36288K) NonClass: 31724K(31872K)->31724K(31872K) Class: 4217K(4416K)->4217K(4416K)
[2022-04-08T21:08:21.167+0800][2.554s] GC(5) Pause Young (Mixed) (Metadata GC Threshold) 41M->31M(512M) 3.395ms
[2022-04-08T21:08:21.167+0800][2.554s] GC(5) User=0.00s Sys=0.00s Real=0.00s
[2022-04-08T21:08:21.200+0800][2.586s] GC(6) Pause Young (Concurrent Start) (Metadata GC Threshold)
[2022-04-08T21:08:21.200+0800][2.586s] GC(6) Using 13 workers of 13 for evacuation
[2022-04-08T21:08:21.201+0800][2.587s] GC(6)   Pre Evacuate Collection Set: 0.1ms
[2022-04-08T21:08:21.201+0800][2.587s] GC(6)   Merge Heap Roots: 0.0ms
[2022-04-08T21:08:21.201+0800][2.587s] GC(6)   Evacuate Collection Set: 0.6ms
[2022-04-08T21:08:21.201+0800][2.587s] GC(6)   Post Evacuate Collection Set: 0.1ms
[2022-04-08T21:08:21.201+0800][2.587s] GC(6)   Other: 0.1ms
[2022-04-08T21:08:21.201+0800][2.587s] GC(6) Eden regions: 5->0(304)
[2022-04-08T21:08:21.201+0800][2.587s] GC(6) Survivor regions: 3->3(39)
[2022-04-08T21:08:21.201+0800][2.587s] GC(6) Old regions: 26->26
[2022-04-08T21:08:21.201+0800][2.587s] GC(6) Archive regions: 0->0
[2022-04-08T21:08:21.201+0800][2.587s] GC(6) Humongous regions: 4->4
[2022-04-08T21:08:21.201+0800][2.587s] GC(6) Metaspace: 36344K(36608K)->36344K(36608K) NonClass: 32081K(32192K)->32081K(32192K) Class: 4262K(4416K)->4262K(4416K)
[2022-04-08T21:08:21.201+0800][2.587s] GC(6) Pause Young (Concurrent Start) (Metadata GC Threshold) 36M->31M(512M) 0.991ms
[2022-04-08T21:08:21.201+0800][2.587s] GC(6) User=0.00s Sys=0.00s Real=0.00s
[2022-04-08T21:08:21.201+0800][2.587s] GC(7) Concurrent Mark Cycle
[2022-04-08T21:08:21.201+0800][2.587s] GC(7) Concurrent Clear Claimed Marks
[2022-04-08T21:08:21.201+0800][2.587s] GC(7) Concurrent Clear Claimed Marks 0.015ms
[2022-04-08T21:08:21.201+0800][2.587s] GC(7) Concurrent Scan Root Regions
[2022-04-08T21:08:21.201+0800][2.587s] GC(7) Concurrent Scan Root Regions 0.476ms
[2022-04-08T21:08:21.201+0800][2.587s] GC(7) Concurrent Mark
[2022-04-08T21:08:21.201+0800][2.587s] GC(7) Concurrent Mark From Roots
[2022-04-08T21:08:21.201+0800][2.587s] GC(7) Using 3 workers of 3 for marking
[2022-04-08T21:08:21.211+0800][2.597s] GC(7) Concurrent Mark From Roots 9.971ms
[2022-04-08T21:08:21.211+0800][2.597s] GC(7) Concurrent Preclean
[2022-04-08T21:08:21.211+0800][2.598s] GC(7) Concurrent Preclean 0.109ms
[2022-04-08T21:08:21.212+0800][2.598s] GC(7) Pause Remark
[2022-04-08T21:08:21.214+0800][2.601s] GC(7) Pause Remark 33M->33M(512M) 3.445ms
[2022-04-08T21:08:21.214+0800][2.601s] GC(7) User=0.00s Sys=0.00s Real=0.00s
[2022-04-08T21:08:21.214+0800][2.601s] GC(7) Concurrent Mark 13.733ms
[2022-04-08T21:08:21.214+0800][2.601s] GC(7) Concurrent Rebuild Remembered Sets
[2022-04-08T21:08:21.219+0800][2.605s] GC(7) Concurrent Rebuild Remembered Sets 4.223ms
[2022-04-08T21:08:21.219+0800][2.606s] GC(7) Pause Cleanup
[2022-04-08T21:08:21.219+0800][2.606s] GC(7) Pause Cleanup 33M->33M(512M) 0.138ms
[2022-04-08T21:08:21.219+0800][2.606s] GC(7) User=0.00s Sys=0.00s Real=0.00s
[2022-04-08T21:08:21.219+0800][2.606s] GC(7) Concurrent Cleanup for Next Mark
[2022-04-08T21:08:21.219+0800][2.606s] GC(7) Concurrent Cleanup for Next Mark 0.192ms
[2022-04-08T21:08:21.219+0800][2.606s] GC(7) Concurrent Mark Cycle 19.139ms
[2022-04-08T21:10:12.075+0800][113.462s] Heap
[2022-04-08T21:10:12.075+0800][113.462s]  garbage-first heap   total 524288K, used 241121K [0x00000000e0000000, 0x0000000100000000)
[2022-04-08T21:10:12.075+0800][113.462s]   region size 1024K, 207 young (211968K), 3 survivors (3072K)
[2022-04-08T21:10:12.075+0800][113.462s]  Metaspace       used 49028K, committed 49408K, reserved 1097728K
[2022-04-08T21:10:12.075+0800][113.462s]   class space    used 5916K, committed 6080K, reserved 1048576K
