[2022-04-08T11:27:10.179+0800][0.033s] Using G1
[2022-04-08T11:27:10.365+0800][0.221s] Version: 17.0.2+8-LTS-86 (release)
[2022-04-08T11:27:10.365+0800][0.221s] CPUs: 16 total, 16 available
[2022-04-08T11:27:10.365+0800][0.221s] Memory: 32521M
[2022-04-08T11:27:10.365+0800][0.221s] Large Page Support: Disabled
[2022-04-08T11:27:10.365+0800][0.221s] NUMA Support: Disabled
[2022-04-08T11:27:10.365+0800][0.221s] Compressed Oops: Enabled (32-bit)
[2022-04-08T11:27:10.365+0800][0.221s] Heap Region Size: 1M
[2022-04-08T11:27:10.365+0800][0.221s] Heap Min Capacity: 512M
[2022-04-08T11:27:10.365+0800][0.221s] Heap Initial Capacity: 512M
[2022-04-08T11:27:10.365+0800][0.221s] Heap Max Capacity: 512M
[2022-04-08T11:27:10.365+0800][0.221s] Pre-touch: Enabled
[2022-04-08T11:27:10.366+0800][0.221s] Parallel Workers: 13
[2022-04-08T11:27:10.366+0800][0.221s] Concurrent Workers: 3
[2022-04-08T11:27:10.366+0800][0.221s] Concurrent Refinement Workers: 13
[2022-04-08T11:27:10.366+0800][0.221s] Periodic GC: Disabled
[2022-04-08T11:27:10.367+0800][0.221s] CDS archive(s) mapped at: [0x0000000800000000-0x0000000800bc0000-0x0000000800bc0000), size 12320768, SharedBaseAddress: 0x0000000800000000, ArchiveRelocationMode: 0.
[2022-04-08T11:27:10.367+0800][0.221s] Compressed class space mapped at: 0x0000000800c00000-0x0000000840c00000, reserved size: 1073741824
[2022-04-08T11:27:10.367+0800][0.221s] Narrow klass base: 0x0000000800000000, Narrow klass shift: 0, Narrow klass range: 0x100000000
[2022-04-08T11:27:11.460+0800][1.315s] GC(0) Pause Young (Normal) (G1 Evacuation Pause)
[2022-04-08T11:27:11.461+0800][1.316s] GC(0) Using 12 workers of 13 for evacuation
[2022-04-08T11:27:11.464+0800][1.320s] GC(0)   Pre Evacuate Collection Set: 0.1ms
[2022-04-08T11:27:11.464+0800][1.320s] GC(0)   Merge Heap Roots: 0.0ms
[2022-04-08T11:27:11.464+0800][1.320s] GC(0)   Evacuate Collection Set: 3.2ms
[2022-04-08T11:27:11.464+0800][1.320s] GC(0)   Post Evacuate Collection Set: 0.5ms
[2022-04-08T11:27:11.464+0800][1.320s] GC(0)   Other: 0.6ms
[2022-04-08T11:27:11.464+0800][1.320s] GC(0) Eden regions: 29->0(38)
[2022-04-08T11:27:11.465+0800][1.320s] GC(0) Survivor regions: 0->4(4)
[2022-04-08T11:27:11.465+0800][1.320s] GC(0) Old regions: 0->2
[2022-04-08T11:27:11.465+0800][1.320s] GC(0) Archive regions: 0->0
[2022-04-08T11:27:11.465+0800][1.320s] GC(0) Humongous regions: 4->4
[2022-04-08T11:27:11.465+0800][1.320s] GC(0) Metaspace: 9987K(10176K)->9987K(10176K) NonClass: 8815K(8896K)->8815K(8896K) Class: 1172K(1280K)->1172K(1280K)
[2022-04-08T11:27:11.465+0800][1.320s] GC(0) Pause Young (Normal) (G1 Evacuation Pause) 33M->9M(512M) 4.643ms
[2022-04-08T11:27:11.465+0800][1.320s] GC(0) User=0.00s Sys=0.00s Real=0.00s
[2022-04-08T11:27:12.147+0800][2.002s] GC(1) Pause Young (Normal) (G1 Evacuation Pause)
[2022-04-08T11:27:12.147+0800][2.002s] GC(1) Using 13 workers of 13 for evacuation
[2022-04-08T11:27:12.155+0800][2.010s] GC(1)   Pre Evacuate Collection Set: 0.1ms
[2022-04-08T11:27:12.155+0800][2.010s] GC(1)   Merge Heap Roots: 0.1ms
[2022-04-08T11:27:12.155+0800][2.010s] GC(1)   Evacuate Collection Set: 6.7ms
[2022-04-08T11:27:12.155+0800][2.010s] GC(1)   Post Evacuate Collection Set: 0.5ms
[2022-04-08T11:27:12.155+0800][2.010s] GC(1)   Other: 0.2ms
[2022-04-08T11:27:12.155+0800][2.010s] GC(1) Eden regions: 35->0(48)
[2022-04-08T11:27:12.155+0800][2.010s] GC(1) Survivor regions: 4->5(5)
[2022-04-08T11:27:12.155+0800][2.010s] GC(1) Old regions: 2->11
[2022-04-08T11:27:12.155+0800][2.010s] GC(1) Archive regions: 0->0
[2022-04-08T11:27:12.155+0800][2.010s] GC(1) Humongous regions: 4->4
[2022-04-08T11:27:12.155+0800][2.010s] GC(1) Metaspace: 15685K(15936K)->15685K(15936K) NonClass: 13862K(14016K)->13862K(14016K) Class: 1822K(1920K)->1822K(1920K)
[2022-04-08T11:27:12.155+0800][2.010s] GC(1) Pause Young (Normal) (G1 Evacuation Pause) 44M->19M(512M) 7.639ms
[2022-04-08T11:27:12.155+0800][2.010s] GC(1) User=0.00s Sys=0.00s Real=0.01s
[2022-04-08T11:27:12.693+0800][2.548s] GC(2) Pause Young (Concurrent Start) (Metadata GC Threshold)
[2022-04-08T11:27:12.693+0800][2.548s] GC(2) Using 13 workers of 13 for evacuation
[2022-04-08T11:27:12.697+0800][2.552s] GC(2)   Pre Evacuate Collection Set: 0.2ms
[2022-04-08T11:27:12.697+0800][2.552s] GC(2)   Merge Heap Roots: 0.1ms
[2022-04-08T11:27:12.697+0800][2.552s] GC(2)   Evacuate Collection Set: 2.6ms
[2022-04-08T11:27:12.697+0800][2.552s] GC(2)   Post Evacuate Collection Set: 0.8ms
[2022-04-08T11:27:12.697+0800][2.552s] GC(2)   Other: 0.2ms
[2022-04-08T11:27:12.697+0800][2.552s] GC(2) Eden regions: 46->0(77)
[2022-04-08T11:27:12.697+0800][2.552s] GC(2) Survivor regions: 5->5(7)
[2022-04-08T11:27:12.697+0800][2.552s] GC(2) Old regions: 11->17
[2022-04-08T11:27:12.697+0800][2.552s] GC(2) Archive regions: 0->0
[2022-04-08T11:27:12.697+0800][2.552s] GC(2) Humongous regions: 4->4
[2022-04-08T11:27:12.697+0800][2.552s] GC(2) Metaspace: 21228K(21504K)->21228K(21504K) NonClass: 18841K(19008K)->18841K(19008K) Class: 2387K(2496K)->2387K(2496K)
[2022-04-08T11:27:12.697+0800][2.552s] GC(2) Pause Young (Concurrent Start) (Metadata GC Threshold) 65M->24M(512M) 4.121ms
[2022-04-08T11:27:12.697+0800][2.552s] GC(2) User=0.02s Sys=0.00s Real=0.00s
[2022-04-08T11:27:12.697+0800][2.552s] GC(3) Concurrent Mark Cycle
[2022-04-08T11:27:12.697+0800][2.552s] GC(3) Concurrent Clear Claimed Marks
[2022-04-08T11:27:12.697+0800][2.552s] GC(3) Concurrent Clear Claimed Marks 0.019ms
[2022-04-08T11:27:12.697+0800][2.552s] GC(3) Concurrent Scan Root Regions
[2022-04-08T11:27:12.699+0800][2.554s] GC(3) Concurrent Scan Root Regions 1.384ms
[2022-04-08T11:27:12.699+0800][2.554s] GC(3) Concurrent Mark
[2022-04-08T11:27:12.699+0800][2.554s] GC(3) Concurrent Mark From Roots
[2022-04-08T11:27:12.699+0800][2.554s] GC(3) Using 3 workers of 3 for marking
[2022-04-08T11:27:12.706+0800][2.560s] GC(3) Concurrent Mark From Roots 6.684ms
[2022-04-08T11:27:12.706+0800][2.560s] GC(3) Concurrent Preclean
[2022-04-08T11:27:12.706+0800][2.561s] GC(3) Concurrent Preclean 0.100ms
[2022-04-08T11:27:12.706+0800][2.561s] GC(3) Pause Remark
[2022-04-08T11:27:12.708+0800][2.562s] GC(3) Pause Remark 25M->25M(512M) 1.578ms
[2022-04-08T11:27:12.708+0800][2.562s] GC(3) User=0.00s Sys=0.00s Real=0.00s
[2022-04-08T11:27:12.708+0800][2.563s] GC(3) Concurrent Mark 8.814ms
[2022-04-08T11:27:12.708+0800][2.563s] GC(3) Concurrent Rebuild Remembered Sets
[2022-04-08T11:27:12.711+0800][2.567s] GC(3) Concurrent Rebuild Remembered Sets 4.108ms
[2022-04-08T11:27:12.712+0800][2.567s] GC(3) Pause Cleanup
[2022-04-08T11:27:12.712+0800][2.567s] GC(3) Pause Cleanup 26M->26M(512M) 0.156ms
[2022-04-08T11:27:12.712+0800][2.567s] GC(3) User=0.00s Sys=0.00s Real=0.00s
[2022-04-08T11:27:12.712+0800][2.567s] GC(3) Concurrent Cleanup for Next Mark
[2022-04-08T11:27:12.712+0800][2.568s] GC(3) Concurrent Cleanup for Next Mark 0.264ms
[2022-04-08T11:27:12.712+0800][2.568s] GC(3) Concurrent Mark Cycle 15.352ms
[2022-04-08T11:27:14.241+0800][4.096s] GC(4) Pause Young (Normal) (G1 Evacuation Pause)
[2022-04-08T11:27:14.241+0800][4.096s] GC(4) Using 13 workers of 13 for evacuation
[2022-04-08T11:27:14.246+0800][4.100s] GC(4)   Pre Evacuate Collection Set: 0.1ms
[2022-04-08T11:27:14.246+0800][4.100s] GC(4)   Merge Heap Roots: 0.0ms
[2022-04-08T11:27:14.246+0800][4.100s] GC(4)   Evacuate Collection Set: 3.6ms
[2022-04-08T11:27:14.246+0800][4.100s] GC(4)   Post Evacuate Collection Set: 0.8ms
[2022-04-08T11:27:14.246+0800][4.100s] GC(4)   Other: 0.1ms
[2022-04-08T11:27:14.246+0800][4.100s] GC(4) Eden regions: 77->0(296)
[2022-04-08T11:27:14.246+0800][4.100s] GC(4) Survivor regions: 5->11(11)
[2022-04-08T11:27:14.246+0800][4.100s] GC(4) Old regions: 17->17
[2022-04-08T11:27:14.246+0800][4.100s] GC(4) Archive regions: 0->0
[2022-04-08T11:27:14.246+0800][4.100s] GC(4) Humongous regions: 4->4
[2022-04-08T11:27:14.246+0800][4.100s] GC(4) Metaspace: 35575K(35904K)->35575K(35904K) NonClass: 31397K(31552K)->31397K(31552K) Class: 4177K(4352K)->4177K(4352K)
[2022-04-08T11:27:14.246+0800][4.100s] GC(4) Pause Young (Normal) (G1 Evacuation Pause) 101M->30M(512M) 4.770ms
[2022-04-08T11:27:14.246+0800][4.101s] GC(4) User=0.00s Sys=0.00s Real=0.01s
[2022-04-08T11:27:14.347+0800][4.201s] GC(5) Pause Young (Concurrent Start) (Metadata GC Threshold)
[2022-04-08T11:27:14.347+0800][4.201s] GC(5) Using 13 workers of 13 for evacuation
[2022-04-08T11:27:14.351+0800][4.206s] GC(5)   Pre Evacuate Collection Set: 0.1ms
[2022-04-08T11:27:14.351+0800][4.206s] GC(5)   Merge Heap Roots: 0.1ms
[2022-04-08T11:27:14.351+0800][4.206s] GC(5)   Evacuate Collection Set: 3.5ms
[2022-04-08T11:27:14.351+0800][4.206s] GC(5)   Post Evacuate Collection Set: 0.7ms
[2022-04-08T11:27:14.351+0800][4.206s] GC(5)   Other: 0.1ms
[2022-04-08T11:27:14.351+0800][4.206s] GC(5) Eden regions: 7->0(295)
[2022-04-08T11:27:14.351+0800][4.206s] GC(5) Survivor regions: 11->12(39)
[2022-04-08T11:27:14.351+0800][4.206s] GC(5) Old regions: 17->17
[2022-04-08T11:27:14.351+0800][4.206s] GC(5) Archive regions: 0->0
[2022-04-08T11:27:14.351+0800][4.206s] GC(5) Humongous regions: 5->4
[2022-04-08T11:27:14.351+0800][4.206s] GC(5) Metaspace: 35993K(36288K)->35993K(36288K) NonClass: 31763K(31872K)->31763K(31872K) Class: 4230K(4416K)->4230K(4416K)
[2022-04-08T11:27:14.351+0800][4.206s] GC(5) Pause Young (Concurrent Start) (Metadata GC Threshold) 38M->31M(512M) 4.626ms
[2022-04-08T11:27:14.351+0800][4.206s] GC(5) User=0.23s Sys=0.00s Real=0.00s
[2022-04-08T11:27:14.351+0800][4.206s] GC(6) Concurrent Mark Cycle
[2022-04-08T11:27:14.351+0800][4.206s] GC(6) Concurrent Clear Claimed Marks
[2022-04-08T11:27:14.351+0800][4.206s] GC(6) Concurrent Clear Claimed Marks 0.026ms
[2022-04-08T11:27:14.351+0800][4.206s] GC(6) Concurrent Scan Root Regions
[2022-04-08T11:27:14.353+0800][4.209s] GC(6) Concurrent Scan Root Regions 2.431ms
[2022-04-08T11:27:14.354+0800][4.209s] GC(6) Concurrent Mark
[2022-04-08T11:27:14.354+0800][4.209s] GC(6) Concurrent Mark From Roots
[2022-04-08T11:27:14.354+0800][4.209s] GC(6) Using 3 workers of 3 for marking
[2022-04-08T11:27:14.366+0800][4.220s] GC(6) Concurrent Mark From Roots 11.706ms
[2022-04-08T11:27:14.366+0800][4.220s] GC(6) Concurrent Preclean
[2022-04-08T11:27:14.366+0800][4.221s] GC(6) Concurrent Preclean 0.172ms
[2022-04-08T11:27:14.366+0800][4.221s] GC(6) Pause Remark
[2022-04-08T11:27:14.369+0800][4.224s] GC(6) Pause Remark 33M->33M(512M) 2.740ms
[2022-04-08T11:27:14.369+0800][4.224s] GC(6) User=0.05s Sys=0.00s Real=0.00s
[2022-04-08T11:27:14.369+0800][4.224s] GC(6) Concurrent Mark 14.970ms
[2022-04-08T11:27:14.369+0800][4.224s] GC(6) Concurrent Rebuild Remembered Sets
[2022-04-08T11:27:14.375+0800][4.230s] GC(6) Concurrent Rebuild Remembered Sets 6.111ms
[2022-04-08T11:27:14.380+0800][4.235s] GC(6) Pause Cleanup
[2022-04-08T11:27:14.380+0800][4.235s] GC(6) Pause Cleanup 34M->34M(512M) 0.150ms
[2022-04-08T11:27:14.380+0800][4.235s] GC(6) User=0.00s Sys=0.00s Real=0.00s
[2022-04-08T11:27:14.380+0800][4.235s] GC(6) Concurrent Cleanup for Next Mark
[2022-04-08T11:27:14.381+0800][4.235s] GC(6) Concurrent Cleanup for Next Mark 0.272ms
[2022-04-08T11:27:14.381+0800][4.235s] GC(6) Concurrent Mark Cycle 29.104ms
[2022-04-08T11:28:54.202+0800][104.057s] Heap
[2022-04-08T11:28:54.202+0800][104.057s]  garbage-first heap   total 524288K, used 236305K [0x00000000e0000000, 0x0000000100000000)
[2022-04-08T11:28:54.202+0800][104.057s]   region size 1024K, 211 young (216064K), 12 survivors (12288K)
[2022-04-08T11:28:54.202+0800][104.057s]  Metaspace       used 48832K, committed 49216K, reserved 1097728K
[2022-04-08T11:28:54.202+0800][104.057s]   class space    used 5901K, committed 6080K, reserved 1048576K
