[2022-03-10T21:46:13.601+0800][0.043s] Using G1
[2022-03-10T21:46:13.800+0800][0.241s] Version: 17.0.2+8-LTS-86 (release)
[2022-03-10T21:46:13.800+0800][0.241s] CPUs: 16 total, 16 available
[2022-03-10T21:46:13.800+0800][0.241s] Memory: 32521M
[2022-03-10T21:46:13.800+0800][0.241s] Large Page Support: Disabled
[2022-03-10T21:46:13.800+0800][0.242s] NUMA Support: Disabled
[2022-03-10T21:46:13.800+0800][0.242s] Compressed Oops: Enabled (32-bit)
[2022-03-10T21:46:13.800+0800][0.242s] Heap Region Size: 1M
[2022-03-10T21:46:13.801+0800][0.242s] Heap Min Capacity: 512M
[2022-03-10T21:46:13.801+0800][0.242s] Heap Initial Capacity: 512M
[2022-03-10T21:46:13.801+0800][0.242s] Heap Max Capacity: 512M
[2022-03-10T21:46:13.801+0800][0.242s] Pre-touch: Enabled
[2022-03-10T21:46:13.802+0800][0.243s] Parallel Workers: 13
[2022-03-10T21:46:13.802+0800][0.243s] Concurrent Workers: 3
[2022-03-10T21:46:13.802+0800][0.243s] Concurrent Refinement Workers: 13
[2022-03-10T21:46:13.802+0800][0.243s] Periodic GC: Disabled
[2022-03-10T21:46:13.802+0800][0.243s] CDS archive(s) mapped at: [0x0000000800000000-0x0000000800bc0000-0x0000000800bc0000), size 12320768, SharedBaseAddress: 0x0000000800000000, ArchiveRelocationMode: 0.
[2022-03-10T21:46:13.802+0800][0.243s] Compressed class space mapped at: 0x0000000800c00000-0x0000000840c00000, reserved size: 1073741824
[2022-03-10T21:46:13.802+0800][0.243s] Narrow klass base: 0x0000000800000000, Narrow klass shift: 0, Narrow klass range: 0x100000000
[2022-03-10T21:46:14.940+0800][1.381s] GC(0) Pause Young (Normal) (G1 Evacuation Pause)
[2022-03-10T21:46:14.941+0800][1.381s] GC(0) Using 12 workers of 13 for evacuation
[2022-03-10T21:46:14.944+0800][1.385s] GC(0)   Pre Evacuate Collection Set: 0.1ms
[2022-03-10T21:46:14.944+0800][1.385s] GC(0)   Merge Heap Roots: 0.1ms
[2022-03-10T21:46:14.944+0800][1.385s] GC(0)   Evacuate Collection Set: 2.8ms
[2022-03-10T21:46:14.944+0800][1.385s] GC(0)   Post Evacuate Collection Set: 0.6ms
[2022-03-10T21:46:14.944+0800][1.385s] GC(0)   Other: 0.6ms
[2022-03-10T21:46:14.944+0800][1.385s] GC(0) Eden regions: 29->0(39)
[2022-03-10T21:46:14.944+0800][1.385s] GC(0) Survivor regions: 0->4(4)
[2022-03-10T21:46:14.944+0800][1.385s] GC(0) Old regions: 0->2
[2022-03-10T21:46:14.944+0800][1.385s] GC(0) Archive regions: 0->0
[2022-03-10T21:46:14.944+0800][1.385s] GC(0) Humongous regions: 0->0
[2022-03-10T21:46:14.944+0800][1.385s] GC(0) Metaspace: 9859K(9984K)->9859K(9984K) NonClass: 8703K(8768K)->8703K(8768K) Class: 1156K(1216K)->1156K(1216K)
[2022-03-10T21:46:14.944+0800][1.385s] GC(0) Pause Young (Normal) (G1 Evacuation Pause) 29M->5M(512M) 4.407ms
[2022-03-10T21:46:14.944+0800][1.385s] GC(0) User=0.00s Sys=0.00s Real=0.00s
[2022-03-10T21:46:15.755+0800][2.196s] GC(1) Pause Young (Normal) (G1 Evacuation Pause)
[2022-03-10T21:46:15.755+0800][2.196s] GC(1) Using 13 workers of 13 for evacuation
[2022-03-10T21:46:15.764+0800][2.204s] GC(1)   Pre Evacuate Collection Set: 0.1ms
[2022-03-10T21:46:15.764+0800][2.205s] GC(1)   Merge Heap Roots: 0.0ms
[2022-03-10T21:46:15.764+0800][2.205s] GC(1)   Evacuate Collection Set: 7.6ms
[2022-03-10T21:46:15.764+0800][2.205s] GC(1)   Post Evacuate Collection Set: 0.8ms
[2022-03-10T21:46:15.764+0800][2.205s] GC(1)   Other: 0.2ms
[2022-03-10T21:46:15.764+0800][2.205s] GC(1) Eden regions: 36->0(49)
[2022-03-10T21:46:15.764+0800][2.205s] GC(1) Survivor regions: 4->5(5)
[2022-03-10T21:46:15.764+0800][2.205s] GC(1) Old regions: 2->11
[2022-03-10T21:46:15.764+0800][2.205s] GC(1) Archive regions: 0->0
[2022-03-10T21:46:15.764+0800][2.205s] GC(1) Humongous regions: 4->4
[2022-03-10T21:46:15.764+0800][2.205s] GC(1) Metaspace: 15680K(15872K)->15680K(15872K) NonClass: 13857K(13952K)->13857K(13952K) Class: 1822K(1920K)->1822K(1920K)
[2022-03-10T21:46:15.764+0800][2.205s] GC(1) Pause Young (Normal) (G1 Evacuation Pause) 45M->19M(512M) 9.020ms
[2022-03-10T21:46:15.764+0800][2.205s] GC(1) User=0.17s Sys=0.03s Real=0.01s
[2022-03-10T21:46:16.378+0800][2.819s] GC(2) Pause Young (Concurrent Start) (Metadata GC Threshold)
[2022-03-10T21:46:16.378+0800][2.819s] GC(2) Using 13 workers of 13 for evacuation
[2022-03-10T21:46:16.382+0800][2.823s] GC(2)   Pre Evacuate Collection Set: 0.2ms
[2022-03-10T21:46:16.382+0800][2.823s] GC(2)   Merge Heap Roots: 0.1ms
[2022-03-10T21:46:16.382+0800][2.823s] GC(2)   Evacuate Collection Set: 2.6ms
[2022-03-10T21:46:16.382+0800][2.823s] GC(2)   Post Evacuate Collection Set: 0.8ms
[2022-03-10T21:46:16.382+0800][2.823s] GC(2)   Other: 0.2ms
[2022-03-10T21:46:16.382+0800][2.823s] GC(2) Eden regions: 44->0(74)
[2022-03-10T21:46:16.382+0800][2.823s] GC(2) Survivor regions: 5->5(7)
[2022-03-10T21:46:16.382+0800][2.823s] GC(2) Old regions: 11->17
[2022-03-10T21:46:16.382+0800][2.823s] GC(2) Archive regions: 0->0
[2022-03-10T21:46:16.382+0800][2.823s] GC(2) Humongous regions: 4->4
[2022-03-10T21:46:16.382+0800][2.823s] GC(2) Metaspace: 21218K(21504K)->21218K(21504K) NonClass: 18831K(19008K)->18831K(19008K) Class: 2387K(2496K)->2387K(2496K)
[2022-03-10T21:46:16.382+0800][2.823s] GC(2) Pause Young (Concurrent Start) (Metadata GC Threshold) 63M->24M(512M) 4.065ms
[2022-03-10T21:46:16.382+0800][2.823s] GC(2) User=0.00s Sys=0.00s Real=0.00s
[2022-03-10T21:46:16.383+0800][2.823s] GC(3) Concurrent Mark Cycle
[2022-03-10T21:46:16.383+0800][2.823s] GC(3) Concurrent Clear Claimed Marks
[2022-03-10T21:46:16.383+0800][2.823s] GC(3) Concurrent Clear Claimed Marks 0.019ms
[2022-03-10T21:46:16.383+0800][2.823s] GC(3) Concurrent Scan Root Regions
[2022-03-10T21:46:16.384+0800][2.825s] GC(3) Concurrent Scan Root Regions 1.796ms
[2022-03-10T21:46:16.384+0800][2.825s] GC(3) Concurrent Mark
[2022-03-10T21:46:16.384+0800][2.825s] GC(3) Concurrent Mark From Roots
[2022-03-10T21:46:16.384+0800][2.825s] GC(3) Using 3 workers of 3 for marking
[2022-03-10T21:46:16.388+0800][2.832s] GC(3) Concurrent Mark From Roots 6.704ms
[2022-03-10T21:46:16.388+0800][2.832s] GC(3) Concurrent Preclean
[2022-03-10T21:46:16.388+0800][2.832s] GC(3) Concurrent Preclean 0.097ms
[2022-03-10T21:46:16.392+0800][2.832s] GC(3) Pause Remark
[2022-03-10T21:46:16.394+0800][2.834s] GC(3) Pause Remark 25M->25M(512M) 2.158ms
[2022-03-10T21:46:16.394+0800][2.834s] GC(3) User=0.00s Sys=0.00s Real=0.00s
[2022-03-10T21:46:16.394+0800][2.834s] GC(3) Concurrent Mark 9.326ms
[2022-03-10T21:46:16.394+0800][2.834s] GC(3) Concurrent Rebuild Remembered Sets
[2022-03-10T21:46:16.398+0800][2.838s] GC(3) Concurrent Rebuild Remembered Sets 4.125ms
[2022-03-10T21:46:16.398+0800][2.839s] GC(3) Pause Cleanup
[2022-03-10T21:46:16.398+0800][2.839s] GC(3) Pause Cleanup 26M->26M(512M) 0.187ms
[2022-03-10T21:46:16.398+0800][2.839s] GC(3) User=0.00s Sys=0.00s Real=0.00s
[2022-03-10T21:46:16.398+0800][2.839s] GC(3) Concurrent Cleanup for Next Mark
[2022-03-10T21:46:16.398+0800][2.839s] GC(3) Concurrent Cleanup for Next Mark 0.267ms
[2022-03-10T21:46:16.398+0800][2.839s] GC(3) Concurrent Mark Cycle 16.267ms
[2022-03-10T21:48:45.179+0800][151.620s] GC(4) Pause Young (Prepare Mixed) (G1 Evacuation Pause)
[2022-03-10T21:48:45.179+0800][151.620s] GC(4) Using 13 workers of 13 for evacuation
[2022-03-10T21:48:45.194+0800][151.635s] GC(4)   Pre Evacuate Collection Set: 0.2ms
[2022-03-10T21:48:45.194+0800][151.635s] GC(4)   Merge Heap Roots: 0.2ms
[2022-03-10T21:48:45.194+0800][151.635s] GC(4)   Evacuate Collection Set: 12.3ms
[2022-03-10T21:48:45.194+0800][151.635s] GC(4)   Post Evacuate Collection Set: 1.8ms
[2022-03-10T21:48:45.194+0800][151.635s] GC(4)   Other: 0.4ms
[2022-03-10T21:48:45.194+0800][151.635s] GC(4) Eden regions: 74->0(15)
[2022-03-10T21:48:45.194+0800][151.635s] GC(4) Survivor regions: 5->10(10)
[2022-03-10T21:48:45.194+0800][151.635s] GC(4) Old regions: 17->18
[2022-03-10T21:48:45.194+0800][151.635s] GC(4) Archive regions: 0->0
[2022-03-10T21:48:45.194+0800][151.635s] GC(4) Humongous regions: 4->4
[2022-03-10T21:48:45.194+0800][151.635s] GC(4) Metaspace: 35152K(35456K)->35152K(35456K) NonClass: 31122K(31232K)->31122K(31232K) Class: 4029K(4224K)->4029K(4224K)
[2022-03-10T21:48:45.195+0800][151.636s] GC(4) Pause Young (Prepare Mixed) (G1 Evacuation Pause) 98M->31M(512M) 15.762ms
[2022-03-10T21:48:45.195+0800][151.636s] GC(4) User=0.05s Sys=0.00s Real=0.02s
[2022-03-10T21:50:38.182+0800][264.622s] GC(5) Pause Young (Mixed) (Metadata GC Threshold)
[2022-03-10T21:50:38.182+0800][264.622s] GC(5) Using 13 workers of 13 for evacuation
[2022-03-10T21:50:38.185+0800][264.626s] GC(5)   Pre Evacuate Collection Set: 0.1ms
[2022-03-10T21:50:38.185+0800][264.626s] GC(5)   Merge Heap Roots: 0.1ms
[2022-03-10T21:50:38.185+0800][264.626s] GC(5)   Evacuate Collection Set: 2.9ms
[2022-03-10T21:50:38.185+0800][264.626s] GC(5)   Post Evacuate Collection Set: 0.7ms
[2022-03-10T21:50:38.185+0800][264.626s] GC(5)   Other: 0.1ms
[2022-03-10T21:50:38.185+0800][264.626s] GC(5) Eden regions: 5->0(306)
[2022-03-10T21:50:38.185+0800][264.626s] GC(5) Survivor regions: 10->1(4)
[2022-03-10T21:50:38.185+0800][264.626s] GC(5) Old regions: 18->29
[2022-03-10T21:50:38.185+0800][264.626s] GC(5) Archive regions: 0->0
[2022-03-10T21:50:38.185+0800][264.626s] GC(5) Humongous regions: 4->4
[2022-03-10T21:50:38.185+0800][264.626s] GC(5) Metaspace: 35741K(36096K)->35741K(36096K) NonClass: 31652K(31808K)->31652K(31808K) Class: 4088K(4288K)->4088K(4288K)
[2022-03-10T21:50:38.185+0800][264.626s] GC(5) Pause Young (Mixed) (Metadata GC Threshold) 35M->32M(512M) 4.142ms
[2022-03-10T21:50:38.185+0800][264.626s] GC(5) User=0.00s Sys=0.00s Real=0.00s
[2022-03-10T21:50:38.234+0800][264.675s] GC(6) Pause Young (Concurrent Start) (Metadata GC Threshold)
[2022-03-10T21:50:38.234+0800][264.675s] GC(6) Using 13 workers of 13 for evacuation
[2022-03-10T21:50:38.237+0800][264.678s] GC(6)   Pre Evacuate Collection Set: 0.1ms
[2022-03-10T21:50:38.237+0800][264.678s] GC(6)   Merge Heap Roots: 0.1ms
[2022-03-10T21:50:38.237+0800][264.678s] GC(6)   Evacuate Collection Set: 2.2ms
[2022-03-10T21:50:38.237+0800][264.678s] GC(6)   Post Evacuate Collection Set: 0.6ms
[2022-03-10T21:50:38.237+0800][264.678s] GC(6)   Other: 0.2ms
[2022-03-10T21:50:38.237+0800][264.678s] GC(6) Eden regions: 3->0(306)
[2022-03-10T21:50:38.237+0800][264.678s] GC(6) Survivor regions: 1->1(39)
[2022-03-10T21:50:38.237+0800][264.678s] GC(6) Old regions: 29->29
[2022-03-10T21:50:38.237+0800][264.678s] GC(6) Archive regions: 0->0
[2022-03-10T21:50:38.237+0800][264.678s] GC(6) Humongous regions: 4->4
[2022-03-10T21:50:38.237+0800][264.678s] GC(6) Metaspace: 36158K(36416K)->36158K(36416K) NonClass: 32023K(32128K)->32023K(32128K) Class: 4135K(4288K)->4135K(4288K)
[2022-03-10T21:50:38.237+0800][264.678s] GC(6) Pause Young (Concurrent Start) (Metadata GC Threshold) 35M->32M(512M) 3.368ms
[2022-03-10T21:50:38.237+0800][264.678s] GC(6) User=0.00s Sys=0.00s Real=0.00s
[2022-03-10T21:50:38.237+0800][264.678s] GC(7) Concurrent Mark Cycle
[2022-03-10T21:50:38.237+0800][264.678s] GC(7) Concurrent Clear Claimed Marks
[2022-03-10T21:50:38.237+0800][264.678s] GC(7) Concurrent Clear Claimed Marks 0.055ms
[2022-03-10T21:50:38.237+0800][264.678s] GC(7) Concurrent Scan Root Regions
[2022-03-10T21:50:38.239+0800][264.680s] GC(7) Concurrent Scan Root Regions 1.473ms
[2022-03-10T21:50:38.239+0800][264.680s] GC(7) Concurrent Mark
[2022-03-10T21:50:38.239+0800][264.680s] GC(7) Concurrent Mark From Roots
[2022-03-10T21:50:38.239+0800][264.680s] GC(7) Using 3 workers of 3 for marking
[2022-03-10T21:50:38.254+0800][264.695s] GC(7) Concurrent Mark From Roots 14.957ms
[2022-03-10T21:50:38.254+0800][264.695s] GC(7) Concurrent Preclean
[2022-03-10T21:50:38.254+0800][264.695s] GC(7) Concurrent Preclean 0.149ms
[2022-03-10T21:50:38.255+0800][264.696s] GC(7) Pause Remark
[2022-03-10T21:50:38.261+0800][264.702s] GC(7) Pause Remark 33M->33M(512M) 5.972ms
[2022-03-10T21:50:38.261+0800][264.702s] GC(7) User=0.06s Sys=0.02s Real=0.01s
[2022-03-10T21:50:38.261+0800][264.702s] GC(7) Concurrent Mark 22.118ms
[2022-03-10T21:50:38.261+0800][264.702s] GC(7) Concurrent Rebuild Remembered Sets
[2022-03-10T21:50:38.268+0800][264.709s] GC(7) Concurrent Rebuild Remembered Sets 6.535ms
[2022-03-10T21:50:38.268+0800][264.709s] GC(7) Pause Cleanup
[2022-03-10T21:50:38.268+0800][264.709s] GC(7) Pause Cleanup 34M->34M(512M) 0.114ms
[2022-03-10T21:50:38.268+0800][264.709s] GC(7) User=0.00s Sys=0.00s Real=0.00s
[2022-03-10T21:50:38.268+0800][264.709s] GC(7) Concurrent Cleanup for Next Mark
[2022-03-10T21:50:38.269+0800][264.709s] GC(7) Concurrent Cleanup for Next Mark 0.353ms
[2022-03-10T21:50:38.269+0800][264.709s] GC(7) Concurrent Mark Cycle 31.146ms
[2022-03-10T22:10:43.426+0800][1469.874s] GC(8) Pause Young (Normal) (G1 Evacuation Pause)
[2022-03-10T22:10:43.426+0800][1469.874s] GC(8) Using 13 workers of 13 for evacuation
[2022-03-10T22:10:43.441+0800][1469.886s] GC(8)   Pre Evacuate Collection Set: 0.2ms
[2022-03-10T22:10:43.441+0800][1469.886s] GC(8)   Merge Heap Roots: 0.2ms
[2022-03-10T22:10:43.441+0800][1469.886s] GC(8)   Evacuate Collection Set: 9.0ms
[2022-03-10T22:10:43.441+0800][1469.886s] GC(8)   Post Evacuate Collection Set: 1.4ms
[2022-03-10T22:10:43.441+0800][1469.886s] GC(8)   Other: 0.5ms
[2022-03-10T22:10:43.441+0800][1469.886s] GC(8) Eden regions: 306->0(286)
[2022-03-10T22:10:43.441+0800][1469.886s] GC(8) Survivor regions: 1->21(39)
[2022-03-10T22:10:43.441+0800][1469.886s] GC(8) Old regions: 29->29
[2022-03-10T22:10:43.441+0800][1469.886s] GC(8) Archive regions: 0->0
[2022-03-10T22:10:43.441+0800][1469.886s] GC(8) Humongous regions: 8->7
[2022-03-10T22:10:43.441+0800][1469.886s] GC(8) Metaspace: 49372K(49792K)->49372K(49792K) NonClass: 43613K(43840K)->43613K(43840K) Class: 5758K(5952K)->5758K(5952K)
[2022-03-10T22:10:43.441+0800][1469.886s] GC(8) Pause Young (Normal) (G1 Evacuation Pause) 342M->55M(512M) 11.704ms
[2022-03-10T22:10:43.441+0800][1469.886s] GC(8) User=0.25s Sys=0.00s Real=0.01s
[2022-03-10T22:23:49.018+0800][2255.459s] Heap
[2022-03-10T22:23:49.018+0800][2255.459s]  garbage-first heap   total 524288K, used 159011K [0x00000000e0000000, 0x0000000100000000)
[2022-03-10T22:23:49.018+0800][2255.459s]   region size 1024K, 121 young (123904K), 21 survivors (21504K)
[2022-03-10T22:23:49.018+0800][2255.459s]  Metaspace       used 52607K, committed 52992K, reserved 1097728K
[2022-03-10T22:23:49.018+0800][2255.459s]   class space    used 6111K, committed 6272K, reserved 1048576K
