[2022-04-08T21:11:12.841+0800][0.012s] Using G1
[2022-04-08T21:11:12.933+0800][0.104s] Version: 17.0.2+8-LTS-86 (release)
[2022-04-08T21:11:12.933+0800][0.104s] CPUs: 16 total, 16 available
[2022-04-08T21:11:12.933+0800][0.104s] Memory: 32521M
[2022-04-08T21:11:12.933+0800][0.104s] Large Page Support: Disabled
[2022-04-08T21:11:12.933+0800][0.104s] NUMA Support: Disabled
[2022-04-08T21:11:12.933+0800][0.105s] Compressed Oops: Enabled (32-bit)
[2022-04-08T21:11:12.933+0800][0.105s] Heap Region Size: 1M
[2022-04-08T21:11:12.933+0800][0.105s] Heap Min Capacity: 512M
[2022-04-08T21:11:12.933+0800][0.105s] Heap Initial Capacity: 512M
[2022-04-08T21:11:12.933+0800][0.105s] Heap Max Capacity: 512M
[2022-04-08T21:11:12.933+0800][0.105s] Pre-touch: Enabled
[2022-04-08T21:11:12.934+0800][0.106s] Parallel Workers: 13
[2022-04-08T21:11:12.934+0800][0.106s] Concurrent Workers: 3
[2022-04-08T21:11:12.934+0800][0.106s] Concurrent Refinement Workers: 13
[2022-04-08T21:11:12.934+0800][0.106s] Periodic GC: Disabled
[2022-04-08T21:11:12.935+0800][0.106s] CDS archive(s) mapped at: [0x0000000800000000-0x0000000800bc0000-0x0000000800bc0000), size 12320768, SharedBaseAddress: 0x0000000800000000, ArchiveRelocationMode: 0.
[2022-04-08T21:11:12.935+0800][0.106s] Compressed class space mapped at: 0x0000000800c00000-0x0000000840c00000, reserved size: 1073741824
[2022-04-08T21:11:12.935+0800][0.106s] Narrow klass base: 0x0000000800000000, Narrow klass shift: 0, Narrow klass range: 0x100000000
[2022-04-08T21:11:13.603+0800][0.774s] GC(0) Pause Young (Normal) (G1 Evacuation Pause)
[2022-04-08T21:11:13.603+0800][0.774s] GC(0) Using 12 workers of 13 for evacuation
[2022-04-08T21:11:13.606+0800][0.777s] GC(0)   Pre Evacuate Collection Set: 0.0ms
[2022-04-08T21:11:13.606+0800][0.777s] GC(0)   Merge Heap Roots: 0.0ms
[2022-04-08T21:11:13.606+0800][0.777s] GC(0)   Evacuate Collection Set: 2.0ms
[2022-04-08T21:11:13.606+0800][0.777s] GC(0)   Post Evacuate Collection Set: 0.3ms
[2022-04-08T21:11:13.606+0800][0.777s] GC(0)   Other: 0.5ms
[2022-04-08T21:11:13.606+0800][0.777s] GC(0) Eden regions: 29->0(39)
[2022-04-08T21:11:13.606+0800][0.777s] GC(0) Survivor regions: 0->4(4)
[2022-04-08T21:11:13.606+0800][0.777s] GC(0) Old regions: 0->2
[2022-04-08T21:11:13.606+0800][0.777s] GC(0) Archive regions: 0->0
[2022-04-08T21:11:13.606+0800][0.777s] GC(0) Humongous regions: 0->0
[2022-04-08T21:11:13.606+0800][0.777s] GC(0) Metaspace: 9801K(9984K)->9801K(9984K) NonClass: 8654K(8768K)->8654K(8768K) Class: 1147K(1216K)->1147K(1216K)
[2022-04-08T21:11:13.606+0800][0.777s] GC(0) Pause Young (Normal) (G1 Evacuation Pause) 29M->5M(512M) 3.100ms
[2022-04-08T21:11:13.606+0800][0.777s] GC(0) User=0.00s Sys=0.00s Real=0.00s
[2022-04-08T21:11:14.036+0800][1.208s] GC(1) Pause Young (Normal) (G1 Evacuation Pause)
[2022-04-08T21:11:14.036+0800][1.208s] GC(1) Using 13 workers of 13 for evacuation
[2022-04-08T21:11:14.043+0800][1.214s] GC(1)   Pre Evacuate Collection Set: 0.0ms
[2022-04-08T21:11:14.043+0800][1.214s] GC(1)   Merge Heap Roots: 0.0ms
[2022-04-08T21:11:14.043+0800][1.215s] GC(1)   Evacuate Collection Set: 5.7ms
[2022-04-08T21:11:14.043+0800][1.215s] GC(1)   Post Evacuate Collection Set: 0.8ms
[2022-04-08T21:11:14.043+0800][1.215s] GC(1)   Other: 0.2ms
[2022-04-08T21:11:14.043+0800][1.215s] GC(1) Eden regions: 37->0(87)
[2022-04-08T21:11:14.043+0800][1.215s] GC(1) Survivor regions: 4->6(6)
[2022-04-08T21:11:14.043+0800][1.215s] GC(1) Old regions: 2->10
[2022-04-08T21:11:14.043+0800][1.215s] GC(1) Archive regions: 0->0
[2022-04-08T21:11:14.043+0800][1.215s] GC(1) Humongous regions: 4->4
[2022-04-08T21:11:14.043+0800][1.215s] GC(1) Metaspace: 15722K(16000K)->15722K(16000K) NonClass: 13899K(14080K)->13899K(14080K) Class: 1822K(1920K)->1822K(1920K)
[2022-04-08T21:11:14.043+0800][1.215s] GC(1) Pause Young (Normal) (G1 Evacuation Pause) 46M->19M(512M) 6.868ms
[2022-04-08T21:11:14.043+0800][1.215s] GC(1) User=0.00s Sys=0.00s Real=0.01s
[2022-04-08T21:11:14.408+0800][1.579s] GC(2) Pause Young (Concurrent Start) (Metadata GC Threshold)
[2022-04-08T21:11:14.408+0800][1.580s] GC(2) Using 13 workers of 13 for evacuation
[2022-04-08T21:11:14.412+0800][1.583s] GC(2)   Pre Evacuate Collection Set: 0.1ms
[2022-04-08T21:11:14.412+0800][1.583s] GC(2)   Merge Heap Roots: 0.1ms
[2022-04-08T21:11:14.412+0800][1.583s] GC(2)   Evacuate Collection Set: 2.1ms
[2022-04-08T21:11:14.412+0800][1.583s] GC(2)   Post Evacuate Collection Set: 0.8ms
[2022-04-08T21:11:14.412+0800][1.583s] GC(2)   Other: 0.2ms
[2022-04-08T21:11:14.412+0800][1.583s] GC(2) Eden regions: 46->0(283)
[2022-04-08T21:11:14.412+0800][1.583s] GC(2) Survivor regions: 6->11(12)
[2022-04-08T21:11:14.412+0800][1.583s] GC(2) Old regions: 10->10
[2022-04-08T21:11:14.412+0800][1.583s] GC(2) Archive regions: 0->0
[2022-04-08T21:11:14.412+0800][1.583s] GC(2) Humongous regions: 4->4
[2022-04-08T21:11:14.412+0800][1.583s] GC(2) Metaspace: 21262K(21504K)->21262K(21504K) NonClass: 18875K(19008K)->18875K(19008K) Class: 2387K(2496K)->2387K(2496K)
[2022-04-08T21:11:14.412+0800][1.583s] GC(2) Pause Young (Concurrent Start) (Metadata GC Threshold) 65M->24M(512M) 3.458ms
[2022-04-08T21:11:14.412+0800][1.583s] GC(2) User=0.00s Sys=0.00s Real=0.00s
[2022-04-08T21:11:14.412+0800][1.583s] GC(3) Concurrent Mark Cycle
[2022-04-08T21:11:14.412+0800][1.583s] GC(3) Concurrent Clear Claimed Marks
[2022-04-08T21:11:14.412+0800][1.583s] GC(3) Concurrent Clear Claimed Marks 0.013ms
[2022-04-08T21:11:14.412+0800][1.583s] GC(3) Concurrent Scan Root Regions
[2022-04-08T21:11:14.413+0800][1.585s] GC(3) Concurrent Scan Root Regions 1.555ms
[2022-04-08T21:11:14.413+0800][1.585s] GC(3) Concurrent Mark
[2022-04-08T21:11:14.413+0800][1.585s] GC(3) Concurrent Mark From Roots
[2022-04-08T21:11:14.413+0800][1.585s] GC(3) Using 3 workers of 3 for marking
[2022-04-08T21:11:14.418+0800][1.589s] GC(3) Concurrent Mark From Roots 4.262ms
[2022-04-08T21:11:14.418+0800][1.589s] GC(3) Concurrent Preclean
[2022-04-08T21:11:14.418+0800][1.589s] GC(3) Concurrent Preclean 0.073ms
[2022-04-08T21:11:14.418+0800][1.589s] GC(3) Pause Remark
[2022-04-08T21:11:14.420+0800][1.591s] GC(3) Pause Remark 25M->25M(512M) 1.439ms
[2022-04-08T21:11:14.420+0800][1.591s] GC(3) User=0.00s Sys=0.00s Real=0.00s
[2022-04-08T21:11:14.420+0800][1.591s] GC(3) Concurrent Mark 6.167ms
[2022-04-08T21:11:14.420+0800][1.591s] GC(3) Concurrent Rebuild Remembered Sets
[2022-04-08T21:11:14.422+0800][1.593s] GC(3) Concurrent Rebuild Remembered Sets 2.547ms
[2022-04-08T21:11:14.422+0800][1.594s] GC(3) Pause Cleanup
[2022-04-08T21:11:14.423+0800][1.594s] GC(3) Pause Cleanup 26M->26M(512M) 0.138ms
[2022-04-08T21:11:14.423+0800][1.594s] GC(3) User=0.00s Sys=0.00s Real=0.00s
[2022-04-08T21:11:14.423+0800][1.594s] GC(3) Concurrent Cleanup for Next Mark
[2022-04-08T21:11:14.423+0800][1.594s] GC(3) Concurrent Cleanup for Next Mark 0.211ms
[2022-04-08T21:11:14.423+0800][1.594s] GC(3) Concurrent Mark Cycle 10.947ms
[2022-04-08T21:11:15.331+0800][2.503s] GC(4) Pause Young (Prepare Mixed) (Metadata GC Threshold)
[2022-04-08T21:11:15.331+0800][2.503s] GC(4) Using 13 workers of 13 for evacuation
[2022-04-08T21:11:15.339+0800][2.510s] GC(4)   Pre Evacuate Collection Set: 0.1ms
[2022-04-08T21:11:15.340+0800][2.510s] GC(4)   Merge Heap Roots: 0.1ms
[2022-04-08T21:11:15.340+0800][2.510s] GC(4)   Evacuate Collection Set: 6.5ms
[2022-04-08T21:11:15.340+0800][2.510s] GC(4)   Post Evacuate Collection Set: 0.7ms
[2022-04-08T21:11:15.340+0800][2.510s] GC(4)   Other: 0.1ms
[2022-04-08T21:11:15.340+0800][2.510s] GC(4) Eden regions: 82->0(8)
[2022-04-08T21:11:15.340+0800][2.510s] GC(4) Survivor regions: 11->17(39)
[2022-04-08T21:11:15.340+0800][2.510s] GC(4) Old regions: 10->10
[2022-04-08T21:11:15.340+0800][2.510s] GC(4) Archive regions: 0->0
[2022-04-08T21:11:15.340+0800][2.510s] GC(4) Humongous regions: 5->4
[2022-04-08T21:11:15.340+0800][2.510s] GC(4) Metaspace: 35980K(36288K)->35980K(36288K) NonClass: 31758K(31872K)->31758K(31872K) Class: 4221K(4416K)->4221K(4416K)
[2022-04-08T21:11:15.340+0800][2.510s] GC(4) Pause Young (Prepare Mixed) (Metadata GC Threshold) 107M->30M(512M) 7.577ms
[2022-04-08T21:11:15.340+0800][2.511s] GC(4) User=0.03s Sys=0.00s Real=0.01s
[2022-04-08T21:11:15.363+0800][2.534s] GC(5) Pause Young (Mixed) (Metadata GC Threshold)
[2022-04-08T21:11:15.364+0800][2.534s] GC(5) Using 13 workers of 13 for evacuation
[2022-04-08T21:11:15.368+0800][2.539s] GC(5)   Pre Evacuate Collection Set: 0.1ms
[2022-04-08T21:11:15.368+0800][2.539s] GC(5)   Merge Heap Roots: 0.1ms
[2022-04-08T21:11:15.368+0800][2.539s] GC(5)   Evacuate Collection Set: 3.8ms
[2022-04-08T21:11:15.368+0800][2.539s] GC(5)   Post Evacuate Collection Set: 0.6ms
[2022-04-08T21:11:15.368+0800][2.539s] GC(5)   Other: 0.1ms
[2022-04-08T21:11:15.368+0800][2.539s] GC(5) Eden regions: 2->0(305)
[2022-04-08T21:11:15.368+0800][2.539s] GC(5) Survivor regions: 17->2(4)
[2022-04-08T21:11:15.368+0800][2.539s] GC(5) Old regions: 10->26
[2022-04-08T21:11:15.368+0800][2.539s] GC(5) Archive regions: 0->0
[2022-04-08T21:11:15.368+0800][2.539s] GC(5) Humongous regions: 4->4
[2022-04-08T21:11:15.368+0800][2.539s] GC(5) Metaspace: 36355K(36608K)->36355K(36608K) NonClass: 32093K(32192K)->32093K(32192K) Class: 4261K(4416K)->4261K(4416K)
[2022-04-08T21:11:15.368+0800][2.539s] GC(5) Pause Young (Mixed) (Metadata GC Threshold) 32M->31M(512M) 4.809ms
[2022-04-08T21:11:15.368+0800][2.539s] GC(5) User=0.22s Sys=0.00s Real=0.01s
[2022-04-08T21:11:15.382+0800][2.554s] GC(6) Pause Young (Concurrent Start) (Metadata GC Threshold)
[2022-04-08T21:11:15.382+0800][2.554s] GC(6) Using 13 workers of 13 for evacuation
[2022-04-08T21:11:15.383+0800][2.555s] GC(6)   Pre Evacuate Collection Set: 0.1ms
[2022-04-08T21:11:15.383+0800][2.555s] GC(6)   Merge Heap Roots: 0.1ms
[2022-04-08T21:11:15.383+0800][2.555s] GC(6)   Evacuate Collection Set: 0.4ms
[2022-04-08T21:11:15.383+0800][2.555s] GC(6)   Post Evacuate Collection Set: 0.5ms
[2022-04-08T21:11:15.383+0800][2.555s] GC(6)   Other: 0.1ms
[2022-04-08T21:11:15.383+0800][2.555s] GC(6) Eden regions: 2->0(306)
[2022-04-08T21:11:15.383+0800][2.555s] GC(6) Survivor regions: 2->1(39)
[2022-04-08T21:11:15.383+0800][2.555s] GC(6) Old regions: 26->26
[2022-04-08T21:11:15.383+0800][2.555s] GC(6) Archive regions: 0->0
[2022-04-08T21:11:15.383+0800][2.555s] GC(6) Humongous regions: 4->4
[2022-04-08T21:11:15.384+0800][2.555s] GC(6) Metaspace: 36658K(36928K)->36658K(36928K) NonClass: 32349K(32448K)->32349K(32448K) Class: 4309K(4480K)->4309K(4480K)
[2022-04-08T21:11:15.384+0800][2.555s] GC(6) Pause Young (Concurrent Start) (Metadata GC Threshold) 33M->30M(512M) 1.312ms
[2022-04-08T21:11:15.384+0800][2.555s] GC(6) User=0.00s Sys=0.00s Real=0.00s
[2022-04-08T21:11:15.384+0800][2.555s] GC(7) Concurrent Mark Cycle
[2022-04-08T21:11:15.384+0800][2.555s] GC(7) Concurrent Clear Claimed Marks
[2022-04-08T21:11:15.384+0800][2.555s] GC(7) Concurrent Clear Claimed Marks 0.012ms
[2022-04-08T21:11:15.384+0800][2.555s] GC(7) Concurrent Scan Root Regions
[2022-04-08T21:11:15.384+0800][2.555s] GC(7) Concurrent Scan Root Regions 0.282ms
[2022-04-08T21:11:15.384+0800][2.555s] GC(7) Concurrent Mark
[2022-04-08T21:11:15.384+0800][2.555s] GC(7) Concurrent Mark From Roots
[2022-04-08T21:11:15.384+0800][2.555s] GC(7) Using 3 workers of 3 for marking
[2022-04-08T21:11:15.394+0800][2.565s] GC(7) Concurrent Mark From Roots 9.938ms
[2022-04-08T21:11:15.394+0800][2.565s] GC(7) Concurrent Preclean
[2022-04-08T21:11:15.394+0800][2.566s] GC(7) Concurrent Preclean 0.098ms
[2022-04-08T21:11:15.394+0800][2.566s] GC(7) Pause Remark
[2022-04-08T21:11:15.398+0800][2.569s] GC(7) Pause Remark 31M->31M(512M) 3.330ms
[2022-04-08T21:11:15.398+0800][2.569s] GC(7) User=0.00s Sys=0.00s Real=0.00s
[2022-04-08T21:11:15.398+0800][2.569s] GC(7) Concurrent Mark 13.710ms
[2022-04-08T21:11:15.398+0800][2.569s] GC(7) Concurrent Rebuild Remembered Sets
[2022-04-08T21:11:15.402+0800][2.574s] GC(7) Concurrent Rebuild Remembered Sets 4.586ms
[2022-04-08T21:11:15.403+0800][2.574s] GC(7) Pause Cleanup
[2022-04-08T21:11:15.403+0800][2.574s] GC(7) Pause Cleanup 32M->32M(512M) 0.101ms
[2022-04-08T21:11:15.403+0800][2.574s] GC(7) User=0.00s Sys=0.00s Real=0.00s
[2022-04-08T21:11:15.403+0800][2.574s] GC(7) Concurrent Cleanup for Next Mark
[2022-04-08T21:11:15.404+0800][2.575s] GC(7) Concurrent Cleanup for Next Mark 0.227ms
[2022-04-08T21:11:15.404+0800][2.575s] GC(7) Concurrent Mark Cycle 19.566ms
[2022-04-08T21:17:24.063+0800][371.234s] Heap
[2022-04-08T21:17:24.063+0800][371.234s]  garbage-first heap   total 524288K, used 231312K [0x00000000e0000000, 0x0000000100000000)
[2022-04-08T21:17:24.063+0800][371.235s]   region size 1024K, 197 young (201728K), 1 survivors (1024K)
[2022-04-08T21:17:24.063+0800][371.235s]  Metaspace       used 48419K, committed 48832K, reserved 1097728K
[2022-04-08T21:17:24.063+0800][371.235s]   class space    used 5760K, committed 5952K, reserved 1048576K
