[2022-03-12T18:06:08.234+0800][0.010s] Using G1
[2022-03-12T18:06:08.327+0800][0.102s] Version: 17.0.2+8-LTS-86 (release)
[2022-03-12T18:06:08.327+0800][0.102s] CPUs: 16 total, 16 available
[2022-03-12T18:06:08.327+0800][0.102s] Memory: 32521M
[2022-03-12T18:06:08.327+0800][0.102s] Large Page Support: Disabled
[2022-03-12T18:06:08.327+0800][0.102s] NUMA Support: Disabled
[2022-03-12T18:06:08.327+0800][0.102s] Compressed Oops: Enabled (32-bit)
[2022-03-12T18:06:08.327+0800][0.102s] Heap Region Size: 1M
[2022-03-12T18:06:08.327+0800][0.102s] Heap Min Capacity: 512M
[2022-03-12T18:06:08.327+0800][0.102s] Heap Initial Capacity: 512M
[2022-03-12T18:06:08.327+0800][0.102s] Heap Max Capacity: 512M
[2022-03-12T18:06:08.327+0800][0.102s] Pre-touch: Enabled
[2022-03-12T18:06:08.327+0800][0.102s] Parallel Workers: 13
[2022-03-12T18:06:08.327+0800][0.102s] Concurrent Workers: 3
[2022-03-12T18:06:08.327+0800][0.102s] Concurrent Refinement Workers: 13
[2022-03-12T18:06:08.327+0800][0.102s] Periodic GC: Disabled
[2022-03-12T18:06:08.327+0800][0.103s] CDS archive(s) mapped at: [0x0000000800000000-0x0000000800bc0000-0x0000000800bc0000), size 12320768, SharedBaseAddress: 0x0000000800000000, ArchiveRelocationMode: 0.
[2022-03-12T18:06:08.327+0800][0.103s] Compressed class space mapped at: 0x0000000800c00000-0x0000000840c00000, reserved size: 1073741824
[2022-03-12T18:06:08.327+0800][0.103s] Narrow klass base: 0x0000000800000000, Narrow klass shift: 0, Narrow klass range: 0x100000000
[2022-03-12T18:06:09.046+0800][0.820s] GC(0) Pause Young (Normal) (G1 Evacuation Pause)
[2022-03-12T18:06:09.046+0800][0.821s] GC(0) Using 12 workers of 13 for evacuation
[2022-03-12T18:06:09.062+0800][0.823s] GC(0)   Pre Evacuate Collection Set: 0.1ms
[2022-03-12T18:06:09.062+0800][0.823s] GC(0)   Merge Heap Roots: 0.0ms
[2022-03-12T18:06:09.062+0800][0.823s] GC(0)   Evacuate Collection Set: 2.1ms
[2022-03-12T18:06:09.062+0800][0.823s] GC(0)   Post Evacuate Collection Set: 0.4ms
[2022-03-12T18:06:09.062+0800][0.823s] GC(0)   Other: 0.6ms
[2022-03-12T18:06:09.062+0800][0.823s] GC(0) Eden regions: 29->0(38)
[2022-03-12T18:06:09.062+0800][0.823s] GC(0) Survivor regions: 0->4(4)
[2022-03-12T18:06:09.062+0800][0.823s] GC(0) Old regions: 0->2
[2022-03-12T18:06:09.062+0800][0.823s] GC(0) Archive regions: 0->0
[2022-03-12T18:06:09.062+0800][0.823s] GC(0) Humongous regions: 4->4
[2022-03-12T18:06:09.062+0800][0.823s] GC(0) Metaspace: 9981K(10176K)->9981K(10176K) NonClass: 8809K(8896K)->8809K(8896K) Class: 1172K(1280K)->1172K(1280K)
[2022-03-12T18:06:09.062+0800][0.823s] GC(0) Pause Young (Normal) (G1 Evacuation Pause) 33M->9M(512M) 3.432ms
[2022-03-12T18:06:09.062+0800][0.823s] GC(0) User=0.20s Sys=0.00s Real=0.02s
[2022-03-12T18:06:09.483+0800][1.259s] GC(1) Pause Young (Normal) (G1 Evacuation Pause)
[2022-03-12T18:06:09.483+0800][1.259s] GC(1) Using 13 workers of 13 for evacuation
[2022-03-12T18:06:09.498+0800][1.266s] GC(1)   Pre Evacuate Collection Set: 0.1ms
[2022-03-12T18:06:09.498+0800][1.266s] GC(1)   Merge Heap Roots: 0.0ms
[2022-03-12T18:06:09.498+0800][1.266s] GC(1)   Evacuate Collection Set: 6.7ms
[2022-03-12T18:06:09.498+0800][1.266s] GC(1)   Post Evacuate Collection Set: 0.6ms
[2022-03-12T18:06:09.498+0800][1.266s] GC(1)   Other: 0.2ms
[2022-03-12T18:06:09.498+0800][1.266s] GC(1) Eden regions: 36->0(49)
[2022-03-12T18:06:09.498+0800][1.266s] GC(1) Survivor regions: 4->5(5)
[2022-03-12T18:06:09.498+0800][1.266s] GC(1) Old regions: 2->12
[2022-03-12T18:06:09.498+0800][1.266s] GC(1) Archive regions: 0->0
[2022-03-12T18:06:09.498+0800][1.266s] GC(1) Humongous regions: 4->4
[2022-03-12T18:06:09.498+0800][1.266s] GC(1) Metaspace: 15720K(15936K)->15720K(15936K) NonClass: 13897K(14016K)->13897K(14016K) Class: 1822K(1920K)->1822K(1920K)
[2022-03-12T18:06:09.498+0800][1.266s] GC(1) Pause Young (Normal) (G1 Evacuation Pause) 45M->20M(512M) 7.727ms
[2022-03-12T18:06:09.498+0800][1.266s] GC(1) User=0.14s Sys=0.02s Real=0.01s
[2022-03-12T18:06:09.865+0800][1.639s] GC(2) Pause Young (Concurrent Start) (Metadata GC Threshold)
[2022-03-12T18:06:09.865+0800][1.639s] GC(2) Using 13 workers of 13 for evacuation
[2022-03-12T18:06:09.865+0800][1.642s] GC(2)   Pre Evacuate Collection Set: 0.2ms
[2022-03-12T18:06:09.865+0800][1.642s] GC(2)   Merge Heap Roots: 0.1ms
[2022-03-12T18:06:09.865+0800][1.642s] GC(2)   Evacuate Collection Set: 1.5ms
[2022-03-12T18:06:09.865+0800][1.642s] GC(2)   Post Evacuate Collection Set: 0.8ms
[2022-03-12T18:06:09.881+0800][1.642s] GC(2)   Other: 0.2ms
[2022-03-12T18:06:09.881+0800][1.642s] GC(2) Eden regions: 43->0(88)
[2022-03-12T18:06:09.881+0800][1.642s] GC(2) Survivor regions: 5->4(7)
[2022-03-12T18:06:09.881+0800][1.642s] GC(2) Old regions: 12->17
[2022-03-12T18:06:09.881+0800][1.642s] GC(2) Archive regions: 0->0
[2022-03-12T18:06:09.881+0800][1.642s] GC(2) Humongous regions: 4->4
[2022-03-12T18:06:09.881+0800][1.642s] GC(2) Metaspace: 21247K(21504K)->21247K(21504K) NonClass: 18860K(19008K)->18860K(19008K) Class: 2387K(2496K)->2387K(2496K)
[2022-03-12T18:06:09.881+0800][1.642s] GC(2) Pause Young (Concurrent Start) (Metadata GC Threshold) 62M->24M(512M) 2.888ms
[2022-03-12T18:06:09.881+0800][1.642s] GC(2) User=0.00s Sys=0.02s Real=0.02s
[2022-03-12T18:06:09.881+0800][1.642s] GC(3) Concurrent Mark Cycle
[2022-03-12T18:06:09.881+0800][1.642s] GC(3) Concurrent Clear Claimed Marks
[2022-03-12T18:06:09.881+0800][1.642s] GC(3) Concurrent Clear Claimed Marks 0.013ms
[2022-03-12T18:06:09.881+0800][1.642s] GC(3) Concurrent Scan Root Regions
[2022-03-12T18:06:09.881+0800][1.643s] GC(3) Concurrent Scan Root Regions 1.033ms
[2022-03-12T18:06:09.881+0800][1.643s] GC(3) Concurrent Mark
[2022-03-12T18:06:09.881+0800][1.643s] GC(3) Concurrent Mark From Roots
[2022-03-12T18:06:09.881+0800][1.643s] GC(3) Using 3 workers of 3 for marking
[2022-03-12T18:06:09.881+0800][1.648s] GC(3) Concurrent Mark From Roots 4.942ms
[2022-03-12T18:06:09.881+0800][1.648s] GC(3) Concurrent Preclean
[2022-03-12T18:06:09.881+0800][1.648s] GC(3) Concurrent Preclean 0.076ms
[2022-03-12T18:06:09.881+0800][1.648s] GC(3) Pause Remark
[2022-03-12T18:06:09.881+0800][1.651s] GC(3) Pause Remark 25M->25M(512M) 2.972ms
[2022-03-12T18:06:09.881+0800][1.651s] GC(3) User=0.00s Sys=0.00s Real=0.00s
[2022-03-12T18:06:09.881+0800][1.651s] GC(3) Concurrent Mark 8.279ms
[2022-03-12T18:06:09.881+0800][1.651s] GC(3) Concurrent Rebuild Remembered Sets
[2022-03-12T18:06:09.881+0800][1.654s] GC(3) Concurrent Rebuild Remembered Sets 2.788ms
[2022-03-12T18:06:09.881+0800][1.654s] GC(3) Pause Cleanup
[2022-03-12T18:06:09.881+0800][1.654s] GC(3) Pause Cleanup 25M->25M(512M) 0.148ms
[2022-03-12T18:06:09.881+0800][1.654s] GC(3) User=0.00s Sys=0.00s Real=0.00s
[2022-03-12T18:06:09.881+0800][1.654s] GC(3) Concurrent Cleanup for Next Mark
[2022-03-12T18:06:09.881+0800][1.655s] GC(3) Concurrent Cleanup for Next Mark 0.212ms
[2022-03-12T18:06:09.881+0800][1.655s] GC(3) Concurrent Mark Cycle 12.810ms
[2022-03-12T18:06:10.826+0800][2.602s] GC(4) Pause Young (Concurrent Start) (Metadata GC Threshold)
[2022-03-12T18:06:10.826+0800][2.602s] GC(4) Using 13 workers of 13 for evacuation
[2022-03-12T18:06:10.841+0800][2.606s] GC(4)   Pre Evacuate Collection Set: 0.1ms
[2022-03-12T18:06:10.841+0800][2.606s] GC(4)   Merge Heap Roots: 0.1ms
[2022-03-12T18:06:10.841+0800][2.606s] GC(4)   Evacuate Collection Set: 3.1ms
[2022-03-12T18:06:10.841+0800][2.606s] GC(4)   Post Evacuate Collection Set: 0.7ms
[2022-03-12T18:06:10.841+0800][2.606s] GC(4)   Other: 0.1ms
[2022-03-12T18:06:10.841+0800][2.606s] GC(4) Eden regions: 77->0(297)
[2022-03-12T18:06:10.841+0800][2.606s] GC(4) Survivor regions: 4->10(12)
[2022-03-12T18:06:10.841+0800][2.606s] GC(4) Old regions: 17->17
[2022-03-12T18:06:10.841+0800][2.606s] GC(4) Archive regions: 0->0
[2022-03-12T18:06:10.841+0800][2.606s] GC(4) Humongous regions: 5->4
[2022-03-12T18:06:10.841+0800][2.606s] GC(4) Metaspace: 35885K(36160K)->35885K(36160K) NonClass: 31675K(31808K)->31675K(31808K) Class: 4210K(4352K)->4210K(4352K)
[2022-03-12T18:06:10.841+0800][2.606s] GC(4) Pause Young (Concurrent Start) (Metadata GC Threshold) 101M->30M(512M) 4.288ms
[2022-03-12T18:06:10.841+0800][2.606s] GC(4) User=0.17s Sys=0.00s Real=0.02s
[2022-03-12T18:06:10.841+0800][2.606s] GC(5) Concurrent Mark Cycle
[2022-03-12T18:06:10.841+0800][2.606s] GC(5) Concurrent Clear Claimed Marks
[2022-03-12T18:06:10.841+0800][2.606s] GC(5) Concurrent Clear Claimed Marks 0.020ms
[2022-03-12T18:06:10.841+0800][2.606s] GC(5) Concurrent Scan Root Regions
[2022-03-12T18:06:10.841+0800][2.608s] GC(5) Concurrent Scan Root Regions 1.654ms
[2022-03-12T18:06:10.841+0800][2.608s] GC(5) Concurrent Mark
[2022-03-12T18:06:10.841+0800][2.608s] GC(5) Concurrent Mark From Roots
[2022-03-12T18:06:10.841+0800][2.608s] GC(5) Using 3 workers of 3 for marking
[2022-03-12T18:06:10.841+0800][2.614s] GC(5) Concurrent Mark From Roots 6.107ms
[2022-03-12T18:06:10.841+0800][2.614s] GC(5) Concurrent Preclean
[2022-03-12T18:06:10.841+0800][2.614s] GC(5) Concurrent Preclean 0.084ms
[2022-03-12T18:06:10.841+0800][2.614s] GC(5) Pause Remark
[2022-03-12T18:06:10.841+0800][2.616s] GC(5) Pause Remark 30M->30M(512M) 2.264ms
[2022-03-12T18:06:10.841+0800][2.616s] GC(5) User=0.00s Sys=0.00s Real=0.00s
[2022-03-12T18:06:10.841+0800][2.616s] GC(5) Concurrent Mark 8.651ms
[2022-03-12T18:06:10.841+0800][2.616s] GC(5) Concurrent Rebuild Remembered Sets
[2022-03-12T18:06:10.857+0800][2.620s] GC(5) Concurrent Rebuild Remembered Sets 3.752ms
[2022-03-12T18:06:10.857+0800][2.620s] GC(5) Pause Cleanup
[2022-03-12T18:06:10.857+0800][2.620s] GC(5) Pause Cleanup 31M->31M(512M) 0.168ms
[2022-03-12T18:06:10.857+0800][2.620s] GC(5) User=0.00s Sys=0.00s Real=0.00s
[2022-03-12T18:06:10.857+0800][2.621s] GC(5) Concurrent Cleanup for Next Mark
[2022-03-12T18:06:10.857+0800][2.621s] GC(5) Concurrent Cleanup for Next Mark 0.278ms
[2022-03-12T18:06:10.857+0800][2.621s] GC(5) Concurrent Mark Cycle 14.930ms
[2022-03-12T23:21:31.307+0800][18923.068s] Heap
[2022-03-12T23:21:31.307+0800][18923.068s]  garbage-first heap   total 524288K, used 253235K [0x00000000e0000000, 0x0000000100000000)
[2022-03-12T23:21:31.307+0800][18923.068s]   region size 1024K, 228 young (233472K), 10 survivors (10240K)
[2022-03-12T23:21:31.307+0800][18923.068s]  Metaspace       used 49448K, committed 49856K, reserved 1097728K
[2022-03-12T23:21:31.307+0800][18923.068s]   class space    used 5847K, committed 6016K, reserved 1048576K
