[2022-04-09T22:44:27.254+0800][0.045s] Using G1
[2022-04-09T22:44:27.462+0800][0.253s] Version: 17.0.2+8-LTS-86 (release)
[2022-04-09T22:44:27.462+0800][0.253s] CPUs: 16 total, 16 available
[2022-04-09T22:44:27.462+0800][0.253s] Memory: 32521M
[2022-04-09T22:44:27.462+0800][0.253s] Large Page Support: Disabled
[2022-04-09T22:44:27.463+0800][0.253s] NUMA Support: Disabled
[2022-04-09T22:44:27.463+0800][0.254s] Compressed Oops: Enabled (32-bit)
[2022-04-09T22:44:27.463+0800][0.254s] Heap Region Size: 1M
[2022-04-09T22:44:27.463+0800][0.254s] Heap Min Capacity: 512M
[2022-04-09T22:44:27.463+0800][0.254s] Heap Initial Capacity: 512M
[2022-04-09T22:44:27.463+0800][0.254s] Heap Max Capacity: 512M
[2022-04-09T22:44:27.463+0800][0.254s] Pre-touch: Enabled
[2022-04-09T22:44:27.463+0800][0.254s] Parallel Workers: 13
[2022-04-09T22:44:27.463+0800][0.254s] Concurrent Workers: 3
[2022-04-09T22:44:27.463+0800][0.254s] Concurrent Refinement Workers: 13
[2022-04-09T22:44:27.463+0800][0.254s] Periodic GC: Disabled
[2022-04-09T22:44:27.463+0800][0.254s] CDS archive(s) mapped at: [0x0000000800000000-0x0000000800bc0000-0x0000000800bc0000), size 12320768, SharedBaseAddress: 0x0000000800000000, ArchiveRelocationMode: 0.
[2022-04-09T22:44:27.463+0800][0.254s] Compressed class space mapped at: 0x0000000800c00000-0x0000000840c00000, reserved size: 1073741824
[2022-04-09T22:44:27.463+0800][0.254s] Narrow klass base: 0x0000000800000000, Narrow klass shift: 0, Narrow klass range: 0x100000000
[2022-04-09T22:44:28.503+0800][1.294s] GC(0) Pause Young (Normal) (G1 Evacuation Pause)
[2022-04-09T22:44:28.503+0800][1.295s] GC(0) Using 12 workers of 13 for evacuation
[2022-04-09T22:44:28.507+0800][1.299s] GC(0)   Pre Evacuate Collection Set: 0.1ms
[2022-04-09T22:44:28.507+0800][1.299s] GC(0)   Merge Heap Roots: 0.0ms
[2022-04-09T22:44:28.507+0800][1.299s] GC(0)   Evacuate Collection Set: 2.9ms
[2022-04-09T22:44:28.507+0800][1.299s] GC(0)   Post Evacuate Collection Set: 0.6ms
[2022-04-09T22:44:28.507+0800][1.299s] GC(0)   Other: 0.8ms
[2022-04-09T22:44:28.507+0800][1.299s] GC(0) Eden regions: 29->0(39)
[2022-04-09T22:44:28.507+0800][1.299s] GC(0) Survivor regions: 0->4(4)
[2022-04-09T22:44:28.507+0800][1.299s] GC(0) Old regions: 0->1
[2022-04-09T22:44:28.507+0800][1.299s] GC(0) Archive regions: 0->0
[2022-04-09T22:44:28.507+0800][1.299s] GC(0) Humongous regions: 0->0
[2022-04-09T22:44:28.507+0800][1.299s] GC(0) Metaspace: 9794K(9984K)->9794K(9984K) NonClass: 8647K(8768K)->8647K(8768K) Class: 1147K(1216K)->1147K(1216K)
[2022-04-09T22:44:28.508+0800][1.299s] GC(0) Pause Young (Normal) (G1 Evacuation Pause) 29M->4M(512M) 4.534ms
[2022-04-09T22:44:28.508+0800][1.299s] GC(0) User=0.22s Sys=0.00s Real=0.00s
[2022-04-09T22:44:29.343+0800][2.134s] GC(1) Pause Young (Normal) (G1 Evacuation Pause)
[2022-04-09T22:44:29.343+0800][2.134s] GC(1) Using 13 workers of 13 for evacuation
[2022-04-09T22:44:29.351+0800][2.143s] GC(1)   Pre Evacuate Collection Set: 0.1ms
[2022-04-09T22:44:29.351+0800][2.143s] GC(1)   Merge Heap Roots: 0.1ms
[2022-04-09T22:44:29.351+0800][2.143s] GC(1)   Evacuate Collection Set: 7.3ms
[2022-04-09T22:44:29.351+0800][2.143s] GC(1)   Post Evacuate Collection Set: 0.9ms
[2022-04-09T22:44:29.351+0800][2.143s] GC(1)   Other: 0.2ms
[2022-04-09T22:44:29.351+0800][2.143s] GC(1) Eden regions: 36->0(48)
[2022-04-09T22:44:29.351+0800][2.143s] GC(1) Survivor regions: 4->5(5)
[2022-04-09T22:44:29.351+0800][2.143s] GC(1) Old regions: 1->11
[2022-04-09T22:44:29.351+0800][2.143s] GC(1) Archive regions: 0->0
[2022-04-09T22:44:29.351+0800][2.143s] GC(1) Humongous regions: 4->4
[2022-04-09T22:44:29.351+0800][2.143s] GC(1) Metaspace: 15686K(15936K)->15686K(15936K) NonClass: 13863K(14016K)->13863K(14016K) Class: 1822K(1920K)->1822K(1920K)
[2022-04-09T22:44:29.351+0800][2.143s] GC(1) Pause Young (Normal) (G1 Evacuation Pause) 44M->19M(512M) 8.664ms
[2022-04-09T22:44:29.351+0800][2.143s] GC(1) User=0.12s Sys=0.00s Real=0.01s
[2022-04-09T22:44:30.069+0800][2.860s] GC(2) Pause Young (Concurrent Start) (Metadata GC Threshold)
[2022-04-09T22:44:30.069+0800][2.860s] GC(2) Using 13 workers of 13 for evacuation
[2022-04-09T22:44:30.071+0800][2.863s] GC(2)   Pre Evacuate Collection Set: 0.1ms
[2022-04-09T22:44:30.071+0800][2.863s] GC(2)   Merge Heap Roots: 0.1ms
[2022-04-09T22:44:30.071+0800][2.863s] GC(2)   Evacuate Collection Set: 2.0ms
[2022-04-09T22:44:30.071+0800][2.863s] GC(2)   Post Evacuate Collection Set: 0.7ms
[2022-04-09T22:44:30.071+0800][2.863s] GC(2)   Other: 0.2ms
[2022-04-09T22:44:30.071+0800][2.863s] GC(2) Eden regions: 46->0(77)
[2022-04-09T22:44:30.071+0800][2.863s] GC(2) Survivor regions: 5->5(7)
[2022-04-09T22:44:30.071+0800][2.863s] GC(2) Old regions: 11->16
[2022-04-09T22:44:30.071+0800][2.863s] GC(2) Archive regions: 0->0
[2022-04-09T22:44:30.071+0800][2.863s] GC(2) Humongous regions: 4->4
[2022-04-09T22:44:30.071+0800][2.863s] GC(2) Metaspace: 21227K(21504K)->21227K(21504K) NonClass: 18840K(19008K)->18840K(19008K) Class: 2387K(2496K)->2387K(2496K)
[2022-04-09T22:44:30.071+0800][2.863s] GC(2) Pause Young (Concurrent Start) (Metadata GC Threshold) 65M->24M(512M) 3.238ms
[2022-04-09T22:44:30.071+0800][2.863s] GC(2) User=0.20s Sys=0.00s Real=0.00s
[2022-04-09T22:44:30.071+0800][2.863s] GC(3) Concurrent Mark Cycle
[2022-04-09T22:44:30.071+0800][2.863s] GC(3) Concurrent Clear Claimed Marks
[2022-04-09T22:44:30.071+0800][2.863s] GC(3) Concurrent Clear Claimed Marks 0.021ms
[2022-04-09T22:44:30.071+0800][2.863s] GC(3) Concurrent Scan Root Regions
[2022-04-09T22:44:30.073+0800][2.865s] GC(3) Concurrent Scan Root Regions 1.526ms
[2022-04-09T22:44:30.073+0800][2.865s] GC(3) Concurrent Mark
[2022-04-09T22:44:30.073+0800][2.865s] GC(3) Concurrent Mark From Roots
[2022-04-09T22:44:30.073+0800][2.865s] GC(3) Using 3 workers of 3 for marking
[2022-04-09T22:44:30.074+0800][2.871s] GC(3) Concurrent Mark From Roots 6.562ms
[2022-04-09T22:44:30.074+0800][2.871s] GC(3) Concurrent Preclean
[2022-04-09T22:44:30.074+0800][2.871s] GC(3) Concurrent Preclean 0.099ms
[2022-04-09T22:44:30.081+0800][2.872s] GC(3) Pause Remark
[2022-04-09T22:44:30.082+0800][2.873s] GC(3) Pause Remark 25M->25M(512M) 1.224ms
[2022-04-09T22:44:30.082+0800][2.873s] GC(3) User=0.00s Sys=0.00s Real=0.00s
[2022-04-09T22:44:30.082+0800][2.873s] GC(3) Concurrent Mark 8.306ms
[2022-04-09T22:44:30.082+0800][2.873s] GC(3) Concurrent Rebuild Remembered Sets
[2022-04-09T22:44:30.083+0800][2.877s] GC(3) Concurrent Rebuild Remembered Sets 4.012ms
[2022-04-09T22:44:30.086+0800][2.877s] GC(3) Pause Cleanup
[2022-04-09T22:44:30.086+0800][2.877s] GC(3) Pause Cleanup 26M->26M(512M) 0.147ms
[2022-04-09T22:44:30.086+0800][2.877s] GC(3) User=0.00s Sys=0.00s Real=0.00s
[2022-04-09T22:44:30.086+0800][2.877s] GC(3) Concurrent Cleanup for Next Mark
[2022-04-09T22:44:30.086+0800][2.878s] GC(3) Concurrent Cleanup for Next Mark 0.277ms
[2022-04-09T22:44:30.086+0800][2.878s] GC(3) Concurrent Mark Cycle 14.784ms
[2022-04-09T22:44:32.505+0800][5.296s] GC(4) Pause Young (Prepare Mixed) (G1 Evacuation Pause)
[2022-04-09T22:44:32.505+0800][5.296s] GC(4) Using 13 workers of 13 for evacuation
[2022-04-09T22:44:32.512+0800][5.303s] GC(4)   Pre Evacuate Collection Set: 0.1ms
[2022-04-09T22:44:32.512+0800][5.303s] GC(4)   Merge Heap Roots: 0.1ms
[2022-04-09T22:44:32.512+0800][5.303s] GC(4)   Evacuate Collection Set: 6.3ms
[2022-04-09T22:44:32.512+0800][5.303s] GC(4)   Post Evacuate Collection Set: 0.7ms
[2022-04-09T22:44:32.512+0800][5.303s] GC(4)   Other: 0.1ms
[2022-04-09T22:44:32.512+0800][5.303s] GC(4) Eden regions: 77->0(14)
[2022-04-09T22:44:32.512+0800][5.303s] GC(4) Survivor regions: 5->11(11)
[2022-04-09T22:44:32.512+0800][5.303s] GC(4) Old regions: 16->16
[2022-04-09T22:44:32.512+0800][5.303s] GC(4) Archive regions: 0->0
[2022-04-09T22:44:32.512+0800][5.303s] GC(4) Humongous regions: 4->4
[2022-04-09T22:44:32.512+0800][5.303s] GC(4) Metaspace: 35530K(35840K)->35530K(35840K) NonClass: 31358K(31488K)->31358K(31488K) Class: 4172K(4352K)->4172K(4352K)
[2022-04-09T22:44:32.512+0800][5.303s] GC(4) Pause Young (Prepare Mixed) (G1 Evacuation Pause) 101M->30M(512M) 7.633ms
[2022-04-09T22:44:32.512+0800][5.303s] GC(4) User=0.03s Sys=0.00s Real=0.01s
[2022-04-09T22:44:32.618+0800][5.409s] GC(5) Pause Young (Mixed) (Metadata GC Threshold)
[2022-04-09T22:44:32.618+0800][5.409s] GC(5) Using 13 workers of 13 for evacuation
[2022-04-09T22:44:32.622+0800][5.413s] GC(5)   Pre Evacuate Collection Set: 0.1ms
[2022-04-09T22:44:32.622+0800][5.413s] GC(5)   Merge Heap Roots: 0.1ms
[2022-04-09T22:44:32.622+0800][5.413s] GC(5)   Evacuate Collection Set: 3.1ms
[2022-04-09T22:44:32.622+0800][5.413s] GC(5)   Post Evacuate Collection Set: 0.5ms
[2022-04-09T22:44:32.622+0800][5.413s] GC(5)   Other: 0.1ms
[2022-04-09T22:44:32.622+0800][5.413s] GC(5) Eden regions: 7->0(304)
[2022-04-09T22:44:32.622+0800][5.413s] GC(5) Survivor regions: 11->3(4)
[2022-04-09T22:44:32.622+0800][5.413s] GC(5) Old regions: 16->26
[2022-04-09T22:44:32.622+0800][5.413s] GC(5) Archive regions: 0->0
[2022-04-09T22:44:32.622+0800][5.413s] GC(5) Humongous regions: 5->4
[2022-04-09T22:44:32.622+0800][5.413s] GC(5) Metaspace: 35984K(36288K)->35984K(36288K) NonClass: 31757K(31872K)->31757K(31872K) Class: 4227K(4416K)->4227K(4416K)
[2022-04-09T22:44:32.622+0800][5.413s] GC(5) Pause Young (Mixed) (Metadata GC Threshold) 38M->31M(512M) 4.081ms
[2022-04-09T22:44:32.622+0800][5.413s] GC(5) User=0.00s Sys=0.00s Real=0.00s
[2022-04-09T22:44:32.666+0800][5.457s] GC(6) Pause Young (Concurrent Start) (Metadata GC Threshold)
[2022-04-09T22:44:32.666+0800][5.457s] GC(6) Using 13 workers of 13 for evacuation
[2022-04-09T22:44:32.667+0800][5.458s] GC(6)   Pre Evacuate Collection Set: 0.1ms
[2022-04-09T22:44:32.667+0800][5.458s] GC(6)   Merge Heap Roots: 0.1ms
[2022-04-09T22:44:32.667+0800][5.458s] GC(6)   Evacuate Collection Set: 0.7ms
[2022-04-09T22:44:32.667+0800][5.458s] GC(6)   Post Evacuate Collection Set: 0.3ms
[2022-04-09T22:44:32.667+0800][5.458s] GC(6)   Other: 0.1ms
[2022-04-09T22:44:32.667+0800][5.458s] GC(6) Eden regions: 4->0(305)
[2022-04-09T22:44:32.667+0800][5.458s] GC(6) Survivor regions: 3->2(39)
[2022-04-09T22:44:32.667+0800][5.458s] GC(6) Old regions: 26->26
[2022-04-09T22:44:32.667+0800][5.458s] GC(6) Archive regions: 0->0
[2022-04-09T22:44:32.667+0800][5.458s] GC(6) Humongous regions: 4->4
[2022-04-09T22:44:32.667+0800][5.458s] GC(6) Metaspace: 36290K(36608K)->36290K(36608K) NonClass: 32030K(32192K)->32030K(32192K) Class: 4259K(4416K)->4259K(4416K)
[2022-04-09T22:44:32.667+0800][5.458s] GC(6) Pause Young (Concurrent Start) (Metadata GC Threshold) 35M->31M(512M) 1.467ms
[2022-04-09T22:44:32.667+0800][5.458s] GC(6) User=0.00s Sys=0.00s Real=0.00s
[2022-04-09T22:44:32.667+0800][5.458s] GC(7) Concurrent Mark Cycle
[2022-04-09T22:44:32.667+0800][5.458s] GC(7) Concurrent Clear Claimed Marks
[2022-04-09T22:44:32.667+0800][5.458s] GC(7) Concurrent Clear Claimed Marks 0.019ms
[2022-04-09T22:44:32.667+0800][5.458s] GC(7) Concurrent Scan Root Regions
[2022-04-09T22:44:32.668+0800][5.459s] GC(7) Concurrent Scan Root Regions 0.564ms
[2022-04-09T22:44:32.668+0800][5.459s] GC(7) Concurrent Mark
[2022-04-09T22:44:32.668+0800][5.459s] GC(7) Concurrent Mark From Roots
[2022-04-09T22:44:32.668+0800][5.459s] GC(7) Using 3 workers of 3 for marking
[2022-04-09T22:44:32.680+0800][5.472s] GC(7) Concurrent Mark From Roots 12.655ms
[2022-04-09T22:44:32.680+0800][5.472s] GC(7) Concurrent Preclean
[2022-04-09T22:44:32.681+0800][5.472s] GC(7) Concurrent Preclean 0.145ms
[2022-04-09T22:44:32.681+0800][5.472s] GC(7) Pause Remark
[2022-04-09T22:44:32.692+0800][5.483s] GC(7) Pause Remark 33M->33M(512M) 10.866ms
[2022-04-09T22:44:32.692+0800][5.483s] GC(7) User=0.00s Sys=0.00s Real=0.01s
[2022-04-09T22:44:32.692+0800][5.483s] GC(7) Concurrent Mark 24.020ms
[2022-04-09T22:44:32.692+0800][5.483s] GC(7) Concurrent Rebuild Remembered Sets
[2022-04-09T22:44:32.699+0800][5.490s] GC(7) Concurrent Rebuild Remembered Sets 6.731ms
[2022-04-09T22:44:32.699+0800][5.490s] GC(7) Pause Cleanup
[2022-04-09T22:44:32.699+0800][5.490s] GC(7) Pause Cleanup 33M->33M(512M) 0.133ms
[2022-04-09T22:44:32.699+0800][5.490s] GC(7) User=0.00s Sys=0.00s Real=0.00s
[2022-04-09T22:44:32.699+0800][5.490s] GC(7) Concurrent Cleanup for Next Mark
[2022-04-09T22:44:32.699+0800][5.491s] GC(7) Concurrent Cleanup for Next Mark 0.281ms
[2022-04-09T22:44:32.699+0800][5.491s] GC(7) Concurrent Mark Cycle 32.224ms
[2022-04-09T23:24:06.053+0800][2378.844s] Heap
[2022-04-09T23:24:06.053+0800][2378.844s]  garbage-first heap   total 524288K, used 288776K [0x00000000e0000000, 0x0000000100000000)
[2022-04-09T23:24:06.053+0800][2378.844s]   region size 1024K, 253 young (259072K), 2 survivors (2048K)
[2022-04-09T23:24:06.053+0800][2378.844s]  Metaspace       used 50898K, committed 51328K, reserved 1097728K
[2022-04-09T23:24:06.053+0800][2378.844s]   class space    used 6081K, committed 6272K, reserved 1048576K
