[2022-03-10T21:45:40.736+0800][0.040s] Using G1
[2022-03-10T21:45:40.944+0800][0.247s] Version: 17.0.2+8-LTS-86 (release)
[2022-03-10T21:45:40.944+0800][0.247s] CPUs: 16 total, 16 available
[2022-03-10T21:45:40.944+0800][0.247s] Memory: 32521M
[2022-03-10T21:45:40.944+0800][0.247s] Large Page Support: Disabled
[2022-03-10T21:45:40.944+0800][0.247s] NUMA Support: Disabled
[2022-03-10T21:45:40.944+0800][0.247s] Compressed Oops: Enabled (32-bit)
[2022-03-10T21:45:40.944+0800][0.247s] Heap Region Size: 1M
[2022-03-10T21:45:40.944+0800][0.247s] Heap Min Capacity: 512M
[2022-03-10T21:45:40.944+0800][0.247s] Heap Initial Capacity: 512M
[2022-03-10T21:45:40.944+0800][0.247s] Heap Max Capacity: 512M
[2022-03-10T21:45:40.944+0800][0.247s] Pre-touch: Enabled
[2022-03-10T21:45:40.944+0800][0.247s] Parallel Workers: 13
[2022-03-10T21:45:40.944+0800][0.247s] Concurrent Workers: 3
[2022-03-10T21:45:40.944+0800][0.247s] Concurrent Refinement Workers: 13
[2022-03-10T21:45:40.944+0800][0.247s] Periodic GC: Disabled
[2022-03-10T21:45:40.944+0800][0.248s] CDS archive(s) mapped at: [0x0000000800000000-0x0000000800bc0000-0x0000000800bc0000), size 12320768, SharedBaseAddress: 0x0000000800000000, ArchiveRelocationMode: 0.
[2022-03-10T21:45:40.944+0800][0.248s] Compressed class space mapped at: 0x0000000800c00000-0x0000000840c00000, reserved size: 1073741824
[2022-03-10T21:45:40.944+0800][0.248s] Narrow klass base: 0x0000000800000000, Narrow klass shift: 0, Narrow klass range: 0x100000000
[2022-03-10T21:45:42.209+0800][1.512s] GC(0) Pause Young (Normal) (G1 Evacuation Pause)
[2022-03-10T21:45:42.209+0800][1.512s] GC(0) Using 12 workers of 13 for evacuation
[2022-03-10T21:45:42.213+0800][1.516s] GC(0)   Pre Evacuate Collection Set: 0.1ms
[2022-03-10T21:45:42.213+0800][1.516s] GC(0)   Merge Heap Roots: 0.1ms
[2022-03-10T21:45:42.213+0800][1.516s] GC(0)   Evacuate Collection Set: 3.1ms
[2022-03-10T21:45:42.213+0800][1.517s] GC(0)   Post Evacuate Collection Set: 0.6ms
[2022-03-10T21:45:42.213+0800][1.517s] GC(0)   Other: 0.7ms
[2022-03-10T21:45:42.213+0800][1.517s] GC(0) Eden regions: 29->0(38)
[2022-03-10T21:45:42.214+0800][1.517s] GC(0) Survivor regions: 0->4(4)
[2022-03-10T21:45:42.214+0800][1.517s] GC(0) Old regions: 0->2
[2022-03-10T21:45:42.214+0800][1.517s] GC(0) Archive regions: 0->0
[2022-03-10T21:45:42.214+0800][1.517s] GC(0) Humongous regions: 4->4
[2022-03-10T21:45:42.214+0800][1.517s] GC(0) Metaspace: 9887K(10048K)->9887K(10048K) NonClass: 8727K(8832K)->8727K(8832K) Class: 1160K(1216K)->1160K(1216K)
[2022-03-10T21:45:42.214+0800][1.517s] GC(0) Pause Young (Normal) (G1 Evacuation Pause) 33M->9M(512M) 4.846ms
[2022-03-10T21:45:42.214+0800][1.517s] GC(0) User=0.20s Sys=0.00s Real=0.00s
[2022-03-10T21:45:42.929+0800][2.233s] GC(1) Pause Young (Normal) (G1 Evacuation Pause)
[2022-03-10T21:45:42.930+0800][2.233s] GC(1) Using 13 workers of 13 for evacuation
[2022-03-10T21:45:42.938+0800][2.241s] GC(1)   Pre Evacuate Collection Set: 0.1ms
[2022-03-10T21:45:42.938+0800][2.241s] GC(1)   Merge Heap Roots: 0.1ms
[2022-03-10T21:45:42.938+0800][2.241s] GC(1)   Evacuate Collection Set: 6.8ms
[2022-03-10T21:45:42.938+0800][2.241s] GC(1)   Post Evacuate Collection Set: 0.8ms
[2022-03-10T21:45:42.938+0800][2.241s] GC(1)   Other: 0.4ms
[2022-03-10T21:45:42.938+0800][2.241s] GC(1) Eden regions: 35->0(48)
[2022-03-10T21:45:42.938+0800][2.241s] GC(1) Survivor regions: 4->5(5)
[2022-03-10T21:45:42.938+0800][2.241s] GC(1) Old regions: 2->11
[2022-03-10T21:45:42.938+0800][2.241s] GC(1) Archive regions: 0->0
[2022-03-10T21:45:42.938+0800][2.241s] GC(1) Humongous regions: 4->4
[2022-03-10T21:45:42.938+0800][2.241s] GC(1) Metaspace: 15649K(15872K)->15649K(15872K) NonClass: 13836K(13952K)->13836K(13952K) Class: 1813K(1920K)->1813K(1920K)
[2022-03-10T21:45:42.939+0800][2.241s] GC(1) Pause Young (Normal) (G1 Evacuation Pause) 44M->19M(512M) 8.419ms
[2022-03-10T21:45:42.939+0800][2.241s] GC(1) User=0.03s Sys=0.00s Real=0.01s
[2022-03-10T21:45:43.612+0800][2.915s] GC(2) Pause Young (Concurrent Start) (Metadata GC Threshold)
[2022-03-10T21:45:43.612+0800][2.915s] GC(2) Using 13 workers of 13 for evacuation
[2022-03-10T21:45:43.616+0800][2.919s] GC(2)   Pre Evacuate Collection Set: 0.1ms
[2022-03-10T21:45:43.616+0800][2.919s] GC(2)   Merge Heap Roots: 0.1ms
[2022-03-10T21:45:43.616+0800][2.919s] GC(2)   Evacuate Collection Set: 2.9ms
[2022-03-10T21:45:43.617+0800][2.919s] GC(2)   Post Evacuate Collection Set: 0.8ms
[2022-03-10T21:45:43.617+0800][2.919s] GC(2)   Other: 0.2ms
[2022-03-10T21:45:43.617+0800][2.920s] GC(2) Eden regions: 45->0(77)
[2022-03-10T21:45:43.617+0800][2.920s] GC(2) Survivor regions: 5->5(7)
[2022-03-10T21:45:43.617+0800][2.920s] GC(2) Old regions: 11->16
[2022-03-10T21:45:43.617+0800][2.920s] GC(2) Archive regions: 0->0
[2022-03-10T21:45:43.617+0800][2.920s] GC(2) Humongous regions: 4->4
[2022-03-10T21:45:43.617+0800][2.920s] GC(2) Metaspace: 21268K(21504K)->21268K(21504K) NonClass: 18879K(19008K)->18879K(19008K) Class: 2389K(2496K)->2389K(2496K)
[2022-03-10T21:45:43.617+0800][2.920s] GC(2) Pause Young (Concurrent Start) (Metadata GC Threshold) 63M->24M(512M) 4.367ms
[2022-03-10T21:45:43.617+0800][2.920s] GC(2) User=0.00s Sys=0.00s Real=0.01s
[2022-03-10T21:45:43.617+0800][2.920s] GC(3) Concurrent Mark Cycle
[2022-03-10T21:45:43.617+0800][2.920s] GC(3) Concurrent Clear Claimed Marks
[2022-03-10T21:45:43.617+0800][2.920s] GC(3) Concurrent Clear Claimed Marks 0.019ms
[2022-03-10T21:45:43.617+0800][2.920s] GC(3) Concurrent Scan Root Regions
[2022-03-10T21:45:43.618+0800][2.921s] GC(3) Concurrent Scan Root Regions 1.290ms
[2022-03-10T21:45:43.618+0800][2.921s] GC(3) Concurrent Mark
[2022-03-10T21:45:43.618+0800][2.921s] GC(3) Concurrent Mark From Roots
[2022-03-10T21:45:43.618+0800][2.921s] GC(3) Using 3 workers of 3 for marking
[2022-03-10T21:45:43.622+0800][2.928s] GC(3) Concurrent Mark From Roots 6.739ms
[2022-03-10T21:45:43.622+0800][2.928s] GC(3) Concurrent Preclean
[2022-03-10T21:45:43.622+0800][2.928s] GC(3) Concurrent Preclean 0.087ms
[2022-03-10T21:45:43.626+0800][2.928s] GC(3) Pause Remark
[2022-03-10T21:45:43.628+0800][2.931s] GC(3) Pause Remark 25M->25M(512M) 3.227ms
[2022-03-10T21:45:43.628+0800][2.931s] GC(3) User=0.00s Sys=0.00s Real=0.00s
[2022-03-10T21:45:43.628+0800][2.932s] GC(3) Concurrent Mark 10.441ms
[2022-03-10T21:45:43.628+0800][2.932s] GC(3) Concurrent Rebuild Remembered Sets
[2022-03-10T21:45:43.633+0800][2.936s] GC(3) Concurrent Rebuild Remembered Sets 4.162ms
[2022-03-10T21:45:43.633+0800][2.936s] GC(3) Pause Cleanup
[2022-03-10T21:45:43.633+0800][2.936s] GC(3) Pause Cleanup 25M->25M(512M) 0.177ms
[2022-03-10T21:45:43.633+0800][2.936s] GC(3) User=0.00s Sys=0.00s Real=0.00s
[2022-03-10T21:45:43.633+0800][2.936s] GC(3) Concurrent Cleanup for Next Mark
[2022-03-10T21:45:43.634+0800][2.937s] GC(3) Concurrent Cleanup for Next Mark 0.279ms
[2022-03-10T21:45:43.634+0800][2.937s] GC(3) Concurrent Mark Cycle 16.888ms
[2022-03-10T21:45:45.412+0800][4.715s] Heap
[2022-03-10T21:45:45.412+0800][4.715s]  garbage-first heap   total 524288K, used 85834K [0x00000000e0000000, 0x0000000100000000)
[2022-03-10T21:45:45.412+0800][4.715s]   region size 1024K, 65 young (66560K), 5 survivors (5120K)
[2022-03-10T21:45:45.412+0800][4.715s]  Metaspace       used 32251K, committed 32576K, reserved 1081344K
[2022-03-10T21:45:45.412+0800][4.715s]   class space    used 3705K, committed 3840K, reserved 1048576K
