[2022-02-27T17:10:49.415+0800][0.036s] Using G1
[2022-02-27T17:10:49.610+0800][0.229s] Version: 17.0.2+8-LTS-86 (release)
[2022-02-27T17:10:49.610+0800][0.229s] CPUs: 16 total, 16 available
[2022-02-27T17:10:49.610+0800][0.229s] Memory: 32521M
[2022-02-27T17:10:49.610+0800][0.229s] Large Page Support: Disabled
[2022-02-27T17:10:49.610+0800][0.229s] NUMA Support: Disabled
[2022-02-27T17:10:49.610+0800][0.229s] Compressed Oops: Enabled (32-bit)
[2022-02-27T17:10:49.610+0800][0.229s] Heap Region Size: 1M
[2022-02-27T17:10:49.610+0800][0.229s] Heap Min Capacity: 512M
[2022-02-27T17:10:49.610+0800][0.229s] Heap Initial Capacity: 512M
[2022-02-27T17:10:49.610+0800][0.229s] Heap Max Capacity: 512M
[2022-02-27T17:10:49.610+0800][0.229s] Pre-touch: Enabled
[2022-02-27T17:10:49.611+0800][0.230s] Parallel Workers: 13
[2022-02-27T17:10:49.611+0800][0.230s] Concurrent Workers: 3
[2022-02-27T17:10:49.611+0800][0.230s] Concurrent Refinement Workers: 13
[2022-02-27T17:10:49.611+0800][0.231s] Periodic GC: Disabled
[2022-02-27T17:10:49.612+0800][0.231s] CDS archive(s) mapped at: [0x0000000800000000-0x0000000800bc0000-0x0000000800bc0000), size 12320768, SharedBaseAddress: 0x0000000800000000, ArchiveRelocationMode: 0.
[2022-02-27T17:10:49.612+0800][0.231s] Compressed class space mapped at: 0x0000000800c00000-0x0000000840c00000, reserved size: 1073741824
[2022-02-27T17:10:49.612+0800][0.231s] Narrow klass base: 0x0000000800000000, Narrow klass shift: 0, Narrow klass range: 0x100000000
[2022-02-27T17:10:50.769+0800][1.388s] GC(0) Pause Young (Normal) (G1 Evacuation Pause)
[2022-02-27T17:10:50.769+0800][1.389s] GC(0) Using 12 workers of 13 for evacuation
[2022-02-27T17:10:50.774+0800][1.393s] GC(0)   Pre Evacuate Collection Set: 0.2ms
[2022-02-27T17:10:50.774+0800][1.393s] GC(0)   Merge Heap Roots: 0.0ms
[2022-02-27T17:10:50.774+0800][1.393s] GC(0)   Evacuate Collection Set: 3.2ms
[2022-02-27T17:10:50.774+0800][1.393s] GC(0)   Post Evacuate Collection Set: 0.6ms
[2022-02-27T17:10:50.774+0800][1.393s] GC(0)   Other: 0.9ms
[2022-02-27T17:10:50.774+0800][1.393s] GC(0) Eden regions: 29->0(38)
[2022-02-27T17:10:50.774+0800][1.393s] GC(0) Survivor regions: 0->4(4)
[2022-02-27T17:10:50.774+0800][1.393s] GC(0) Old regions: 0->2
[2022-02-27T17:10:50.774+0800][1.393s] GC(0) Archive regions: 0->0
[2022-02-27T17:10:50.774+0800][1.393s] GC(0) Humongous regions: 4->4
[2022-02-27T17:10:50.774+0800][1.393s] GC(0) Metaspace: 9880K(10048K)->9880K(10048K) NonClass: 8721K(8832K)->8721K(8832K) Class: 1159K(1216K)->1159K(1216K)
[2022-02-27T17:10:50.774+0800][1.393s] GC(0) Pause Young (Normal) (G1 Evacuation Pause) 33M->9M(512M) 4.984ms
[2022-02-27T17:10:50.774+0800][1.393s] GC(0) User=0.00s Sys=0.00s Real=0.00s
[2022-02-27T17:10:51.524+0800][2.143s] GC(1) Pause Young (Normal) (G1 Evacuation Pause)
[2022-02-27T17:10:51.525+0800][2.143s] GC(1) Using 13 workers of 13 for evacuation
[2022-02-27T17:10:51.532+0800][2.151s] GC(1)   Pre Evacuate Collection Set: 0.1ms
[2022-02-27T17:10:51.532+0800][2.151s] GC(1)   Merge Heap Roots: 0.1ms
[2022-02-27T17:10:51.532+0800][2.151s] GC(1)   Evacuate Collection Set: 6.8ms
[2022-02-27T17:10:51.532+0800][2.151s] GC(1)   Post Evacuate Collection Set: 0.8ms
[2022-02-27T17:10:51.532+0800][2.151s] GC(1)   Other: 0.3ms
[2022-02-27T17:10:51.533+0800][2.152s] GC(1) Eden regions: 35->0(48)
[2022-02-27T17:10:51.533+0800][2.152s] GC(1) Survivor regions: 4->5(5)
[2022-02-27T17:10:51.533+0800][2.152s] GC(1) Old regions: 2->11
[2022-02-27T17:10:51.533+0800][2.152s] GC(1) Archive regions: 0->0
[2022-02-27T17:10:51.533+0800][2.152s] GC(1) Humongous regions: 4->4
[2022-02-27T17:10:51.533+0800][2.152s] GC(1) Metaspace: 15617K(15872K)->15617K(15872K) NonClass: 13804K(13952K)->13804K(13952K) Class: 1812K(1920K)->1812K(1920K)
[2022-02-27T17:10:51.533+0800][2.152s] GC(1) Pause Young (Normal) (G1 Evacuation Pause) 44M->19M(512M) 8.302ms
[2022-02-27T17:10:51.533+0800][2.152s] GC(1) User=0.06s Sys=0.00s Real=0.01s
[2022-02-27T17:10:52.331+0800][2.950s] GC(2) Pause Young (Concurrent Start) (Metadata GC Threshold)
[2022-02-27T17:10:52.331+0800][2.950s] GC(2) Using 13 workers of 13 for evacuation
[2022-02-27T17:10:52.335+0800][2.955s] GC(2)   Pre Evacuate Collection Set: 0.1ms
[2022-02-27T17:10:52.335+0800][2.955s] GC(2)   Merge Heap Roots: 0.1ms
[2022-02-27T17:10:52.335+0800][2.955s] GC(2)   Evacuate Collection Set: 3.9ms
[2022-02-27T17:10:52.335+0800][2.955s] GC(2)   Post Evacuate Collection Set: 0.8ms
[2022-02-27T17:10:52.335+0800][2.955s] GC(2)   Other: 0.2ms
[2022-02-27T17:10:52.335+0800][2.955s] GC(2) Eden regions: 44->0(74)
[2022-02-27T17:10:52.335+0800][2.955s] GC(2) Survivor regions: 5->5(7)
[2022-02-27T17:10:52.335+0800][2.955s] GC(2) Old regions: 11->17
[2022-02-27T17:10:52.335+0800][2.955s] GC(2) Archive regions: 0->0
[2022-02-27T17:10:52.336+0800][2.955s] GC(2) Humongous regions: 4->4
[2022-02-27T17:10:52.336+0800][2.955s] GC(2) Metaspace: 21295K(21504K)->21295K(21504K) NonClass: 18901K(19008K)->18901K(19008K) Class: 2394K(2496K)->2394K(2496K)
[2022-02-27T17:10:52.336+0800][2.955s] GC(2) Pause Young (Concurrent Start) (Metadata GC Threshold) 63M->24M(512M) 5.399ms
[2022-02-27T17:10:52.336+0800][2.955s] GC(2) User=0.00s Sys=0.00s Real=0.00s
[2022-02-27T17:10:52.336+0800][2.955s] GC(3) Concurrent Mark Cycle
[2022-02-27T17:10:52.336+0800][2.955s] GC(3) Concurrent Clear Claimed Marks
[2022-02-27T17:10:52.336+0800][2.955s] GC(3) Concurrent Clear Claimed Marks 0.026ms
[2022-02-27T17:10:52.336+0800][2.955s] GC(3) Concurrent Scan Root Regions
[2022-02-27T17:10:52.340+0800][2.959s] GC(3) Concurrent Scan Root Regions 3.965ms
[2022-02-27T17:10:52.340+0800][2.959s] GC(3) Concurrent Mark
[2022-02-27T17:10:52.340+0800][2.959s] GC(3) Concurrent Mark From Roots
[2022-02-27T17:10:52.340+0800][2.959s] GC(3) Using 3 workers of 3 for marking
[2022-02-27T17:10:52.347+0800][2.967s] GC(3) Concurrent Mark From Roots 7.545ms
[2022-02-27T17:10:52.347+0800][2.967s] GC(3) Concurrent Preclean
[2022-02-27T17:10:52.347+0800][2.967s] GC(3) Concurrent Preclean 0.086ms
[2022-02-27T17:10:52.350+0800][2.969s] GC(3) Pause Remark
[2022-02-27T17:10:52.353+0800][2.972s] GC(3) Pause Remark 26M->26M(512M) 3.504ms
[2022-02-27T17:10:52.353+0800][2.972s] GC(3) User=0.00s Sys=0.00s Real=0.00s
[2022-02-27T17:10:52.353+0800][2.972s] GC(3) Concurrent Mark 13.120ms
[2022-02-27T17:10:52.353+0800][2.972s] GC(3) Concurrent Rebuild Remembered Sets
[2022-02-27T17:10:52.358+0800][2.977s] GC(3) Concurrent Rebuild Remembered Sets 4.344ms
[2022-02-27T17:10:52.358+0800][2.977s] GC(3) Pause Cleanup
[2022-02-27T17:10:52.358+0800][2.977s] GC(3) Pause Cleanup 26M->26M(512M) 0.171ms
[2022-02-27T17:10:52.358+0800][2.977s] GC(3) User=0.00s Sys=0.00s Real=0.00s
[2022-02-27T17:10:52.358+0800][2.977s] GC(3) Concurrent Cleanup for Next Mark
[2022-02-27T17:10:52.359+0800][2.977s] GC(3) Concurrent Cleanup for Next Mark 0.262ms
[2022-02-27T17:10:52.359+0800][2.978s] GC(3) Concurrent Mark Cycle 22.367ms
[2022-02-27T17:10:55.433+0800][6.052s] GC(4) Pause Young (Prepare Mixed) (G1 Evacuation Pause)
[2022-02-27T17:10:55.433+0800][6.052s] GC(4) Using 13 workers of 13 for evacuation
[2022-02-27T17:10:55.438+0800][6.057s] GC(4)   Pre Evacuate Collection Set: 0.2ms
[2022-02-27T17:10:55.438+0800][6.057s] GC(4)   Merge Heap Roots: 0.1ms
[2022-02-27T17:10:55.438+0800][6.057s] GC(4)   Evacuate Collection Set: 3.7ms
[2022-02-27T17:10:55.438+0800][6.057s] GC(4)   Post Evacuate Collection Set: 0.7ms
[2022-02-27T17:10:55.438+0800][6.057s] GC(4)   Other: 0.2ms
[2022-02-27T17:10:55.438+0800][6.057s] GC(4) Eden regions: 74->0(15)
[2022-02-27T17:10:55.438+0800][6.057s] GC(4) Survivor regions: 5->10(10)
[2022-02-27T17:10:55.438+0800][6.057s] GC(4) Old regions: 17->18
[2022-02-27T17:10:55.438+0800][6.057s] GC(4) Archive regions: 0->0
[2022-02-27T17:10:55.438+0800][6.057s] GC(4) Humongous regions: 4->4
[2022-02-27T17:10:55.438+0800][6.057s] GC(4) Metaspace: 34630K(34944K)->34630K(34944K) NonClass: 30747K(30912K)->30747K(30912K) Class: 3883K(4032K)->3883K(4032K)
[2022-02-27T17:10:55.438+0800][6.057s] GC(4) Pause Young (Prepare Mixed) (G1 Evacuation Pause) 98M->31M(512M) 5.003ms
[2022-02-27T17:10:55.438+0800][6.057s] GC(4) User=0.00s Sys=0.00s Real=0.00s
[2022-02-27T17:10:55.644+0800][6.262s] GC(5) Pause Young (Mixed) (G1 Evacuation Pause)
[2022-02-27T17:10:55.644+0800][6.263s] GC(5) Using 13 workers of 13 for evacuation
[2022-02-27T17:10:55.647+0800][6.266s] GC(5)   Pre Evacuate Collection Set: 0.1ms
[2022-02-27T17:10:55.647+0800][6.267s] GC(5)   Merge Heap Roots: 0.1ms
[2022-02-27T17:10:55.647+0800][6.267s] GC(5)   Evacuate Collection Set: 3.2ms
[2022-02-27T17:10:55.647+0800][6.267s] GC(5)   Post Evacuate Collection Set: 0.6ms
[2022-02-27T17:10:55.647+0800][6.267s] GC(5)   Other: 0.1ms
[2022-02-27T17:10:55.647+0800][6.267s] GC(5) Eden regions: 15->0(304)
[2022-02-27T17:10:55.647+0800][6.267s] GC(5) Survivor regions: 10->3(4)
[2022-02-27T17:10:55.647+0800][6.267s] GC(5) Old regions: 18->27
[2022-02-27T17:10:55.647+0800][6.267s] GC(5) Archive regions: 0->0
[2022-02-27T17:10:55.647+0800][6.267s] GC(5) Humongous regions: 4->4
[2022-02-27T17:10:55.648+0800][6.267s] GC(5) Metaspace: 35746K(36096K)->35746K(36096K) NonClass: 31774K(31936K)->31774K(31936K) Class: 3971K(4160K)->3971K(4160K)
[2022-02-27T17:10:55.648+0800][6.267s] GC(5) Pause Young (Mixed) (G1 Evacuation Pause) 46M->33M(512M) 4.236ms
[2022-02-27T17:10:55.648+0800][6.267s] GC(5) User=0.00s Sys=0.00s Real=0.00s
[2022-02-27T17:10:55.714+0800][6.333s] GC(6) Pause Young (Concurrent Start) (Metadata GC Threshold)
[2022-02-27T17:10:55.714+0800][6.333s] GC(6) Using 13 workers of 13 for evacuation
[2022-02-27T17:10:55.716+0800][6.335s] GC(6)   Pre Evacuate Collection Set: 0.1ms
[2022-02-27T17:10:55.716+0800][6.335s] GC(6)   Merge Heap Roots: 0.1ms
[2022-02-27T17:10:55.716+0800][6.335s] GC(6)   Evacuate Collection Set: 0.9ms
[2022-02-27T17:10:55.716+0800][6.335s] GC(6)   Post Evacuate Collection Set: 0.5ms
[2022-02-27T17:10:55.716+0800][6.335s] GC(6)   Other: 0.2ms
[2022-02-27T17:10:55.716+0800][6.335s] GC(6) Eden regions: 4->0(304)
[2022-02-27T17:10:55.716+0800][6.335s] GC(6) Survivor regions: 3->3(39)
[2022-02-27T17:10:55.716+0800][6.335s] GC(6) Old regions: 27->27
[2022-02-27T17:10:55.716+0800][6.335s] GC(6) Archive regions: 0->0
[2022-02-27T17:10:55.716+0800][6.335s] GC(6) Humongous regions: 4->4
[2022-02-27T17:10:55.716+0800][6.335s] GC(6) Metaspace: 36115K(36416K)->36115K(36416K) NonClass: 32108K(32256K)->32108K(32256K) Class: 4006K(4160K)->4006K(4160K)
[2022-02-27T17:10:55.716+0800][6.335s] GC(6) Pause Young (Concurrent Start) (Metadata GC Threshold) 36M->33M(512M) 1.972ms
[2022-02-27T17:10:55.716+0800][6.335s] GC(6) User=0.00s Sys=0.00s Real=0.00s
[2022-02-27T17:10:55.716+0800][6.335s] GC(7) Concurrent Mark Cycle
[2022-02-27T17:10:55.716+0800][6.335s] GC(7) Concurrent Clear Claimed Marks
[2022-02-27T17:10:55.716+0800][6.335s] GC(7) Concurrent Clear Claimed Marks 0.026ms
[2022-02-27T17:10:55.716+0800][6.335s] GC(7) Concurrent Scan Root Regions
[2022-02-27T17:10:55.717+0800][6.336s] GC(7) Concurrent Scan Root Regions 1.050ms
[2022-02-27T17:10:55.717+0800][6.336s] GC(7) Concurrent Mark
[2022-02-27T17:10:55.717+0800][6.336s] GC(7) Concurrent Mark From Roots
[2022-02-27T17:10:55.717+0800][6.336s] GC(7) Using 3 workers of 3 for marking
[2022-02-27T17:10:55.730+0800][6.349s] GC(7) Concurrent Mark From Roots 12.799ms
[2022-02-27T17:10:55.730+0800][6.349s] GC(7) Concurrent Preclean
[2022-02-27T17:10:55.730+0800][6.349s] GC(7) Concurrent Preclean 0.122ms
[2022-02-27T17:10:55.731+0800][6.350s] GC(7) Pause Remark
[2022-02-27T17:10:55.735+0800][6.354s] GC(7) Pause Remark 34M->34M(512M) 4.064ms
[2022-02-27T17:10:55.735+0800][6.354s] GC(7) User=0.00s Sys=0.00s Real=0.00s
[2022-02-27T17:10:55.735+0800][6.354s] GC(7) Concurrent Mark 17.958ms
[2022-02-27T17:10:55.735+0800][6.354s] GC(7) Concurrent Rebuild Remembered Sets
[2022-02-27T17:10:55.742+0800][6.361s] GC(7) Concurrent Rebuild Remembered Sets 6.526ms
[2022-02-27T17:10:55.742+0800][6.361s] GC(7) Pause Cleanup
[2022-02-27T17:10:55.742+0800][6.361s] GC(7) Pause Cleanup 34M->34M(512M) 0.175ms
[2022-02-27T17:10:55.742+0800][6.361s] GC(7) User=0.00s Sys=0.00s Real=0.00s
[2022-02-27T17:10:55.742+0800][6.361s] GC(7) Concurrent Cleanup for Next Mark
[2022-02-27T17:10:55.743+0800][6.361s] GC(7) Concurrent Cleanup for Next Mark 0.272ms
[2022-02-27T17:10:55.743+0800][6.361s] GC(7) Concurrent Mark Cycle 26.614ms
[2022-02-27T17:13:07.661+0800][138.281s] GC(8) Pause Young (Normal) (G1 Evacuation Pause)
[2022-02-27T17:13:07.662+0800][138.281s] GC(8) Using 13 workers of 13 for evacuation
[2022-02-27T17:13:07.677+0800][138.296s] GC(8)   Pre Evacuate Collection Set: 0.2ms
[2022-02-27T17:13:07.677+0800][138.296s] GC(8)   Merge Heap Roots: 0.3ms
[2022-02-27T17:13:07.677+0800][138.296s] GC(8)   Evacuate Collection Set: 13.3ms
[2022-02-27T17:13:07.677+0800][138.296s] GC(8)   Post Evacuate Collection Set: 1.5ms
[2022-02-27T17:13:07.677+0800][138.297s] GC(8)   Other: 0.6ms
[2022-02-27T17:13:07.677+0800][138.297s] GC(8) Eden regions: 304->0(280)
[2022-02-27T17:13:07.677+0800][138.297s] GC(8) Survivor regions: 3->27(39)
[2022-02-27T17:13:07.678+0800][138.297s] GC(8) Old regions: 27->27
[2022-02-27T17:13:07.678+0800][138.297s] GC(8) Archive regions: 0->0
[2022-02-27T17:13:07.678+0800][138.297s] GC(8) Humongous regions: 14->8
[2022-02-27T17:13:07.678+0800][138.297s] GC(8) Metaspace: 56313K(56704K)->56313K(56704K) NonClass: 49805K(49984K)->49805K(49984K) Class: 6507K(6720K)->6507K(6720K)
[2022-02-27T17:13:07.678+0800][138.297s] GC(8) Pause Young (Normal) (G1 Evacuation Pause) 347M->61M(512M) 16.189ms
[2022-02-27T17:13:07.678+0800][138.297s] GC(8) User=0.20s Sys=0.00s Real=0.02s
[2022-02-27T17:21:01.999+0800][612.618s] GC(9) Pause Young (Concurrent Start) (Metadata GC Threshold)
[2022-02-27T17:21:01.999+0800][612.618s] GC(9) Using 13 workers of 13 for evacuation
[2022-02-27T17:21:02.010+0800][612.629s] GC(9)   Pre Evacuate Collection Set: 0.1ms
[2022-02-27T17:21:02.010+0800][612.629s] GC(9)   Merge Heap Roots: 1.0ms
[2022-02-27T17:21:02.010+0800][612.629s] GC(9)   Evacuate Collection Set: 9.0ms
[2022-02-27T17:21:02.010+0800][612.629s] GC(9)   Post Evacuate Collection Set: 1.4ms
[2022-02-27T17:21:02.010+0800][612.629s] GC(9)   Other: 0.2ms
[2022-02-27T17:21:02.010+0800][612.630s] GC(9) Eden regions: 55->0(303)
[2022-02-27T17:21:02.010+0800][612.630s] GC(9) Survivor regions: 27->4(39)
[2022-02-27T17:21:02.010+0800][612.630s] GC(9) Old regions: 27->53
[2022-02-27T17:21:02.010+0800][612.630s] GC(9) Archive regions: 0->0
[2022-02-27T17:21:02.010+0800][612.630s] GC(9) Humongous regions: 8->8
[2022-02-27T17:21:02.010+0800][612.630s] GC(9) Metaspace: 60630K(61056K)->60630K(61056K) NonClass: 53617K(53824K)->53617K(53824K) Class: 7013K(7232K)->7013K(7232K)
[2022-02-27T17:21:02.010+0800][612.630s] GC(9) Pause Young (Concurrent Start) (Metadata GC Threshold) 116M->64M(512M) 11.882ms
[2022-02-27T17:21:02.010+0800][612.630s] GC(9) User=0.22s Sys=0.00s Real=0.01s
[2022-02-27T17:21:02.010+0800][612.630s] GC(10) Concurrent Mark Cycle
[2022-02-27T17:21:02.010+0800][612.630s] GC(10) Concurrent Clear Claimed Marks
[2022-02-27T17:21:02.011+0800][612.630s] GC(10) Concurrent Clear Claimed Marks 0.041ms
[2022-02-27T17:21:02.011+0800][612.630s] GC(10) Concurrent Scan Root Regions
[2022-02-27T17:21:02.016+0800][612.635s] GC(10) Concurrent Scan Root Regions 4.964ms
[2022-02-27T17:21:02.016+0800][612.635s] GC(10) Concurrent Mark
[2022-02-27T17:21:02.016+0800][612.635s] GC(10) Concurrent Mark From Roots
[2022-02-27T17:21:02.016+0800][612.635s] GC(10) Using 3 workers of 3 for marking
[2022-02-27T17:21:02.028+0800][612.647s] GC(10) Concurrent Mark From Roots 12.167ms
[2022-02-27T17:21:02.028+0800][612.647s] GC(10) Concurrent Preclean
[2022-02-27T17:21:02.028+0800][612.647s] GC(10) Concurrent Preclean 0.329ms
[2022-02-27T17:21:02.028+0800][612.648s] GC(10) Pause Remark
[2022-02-27T17:21:02.050+0800][612.669s] GC(10) Pause Remark 66M->66M(512M) 21.890ms
[2022-02-27T17:21:02.050+0800][612.670s] GC(10) User=0.03s Sys=0.00s Real=0.02s
[2022-02-27T17:21:02.051+0800][612.670s] GC(10) Concurrent Mark 34.869ms
[2022-02-27T17:21:02.051+0800][612.670s] GC(10) Concurrent Rebuild Remembered Sets
[2022-02-27T17:21:02.064+0800][612.683s] GC(10) Concurrent Rebuild Remembered Sets 13.552ms
[2022-02-27T17:21:02.064+0800][612.684s] GC(10) Pause Cleanup
[2022-02-27T17:21:02.065+0800][612.684s] GC(10) Pause Cleanup 67M->67M(512M) 0.155ms
[2022-02-27T17:21:02.065+0800][612.684s] GC(10) User=0.00s Sys=0.02s Real=0.00s
[2022-02-27T17:21:02.065+0800][612.684s] GC(10) Concurrent Cleanup for Next Mark
[2022-02-27T17:21:02.065+0800][612.684s] GC(10) Concurrent Cleanup for Next Mark 0.270ms
[2022-02-27T17:21:02.065+0800][612.684s] GC(10) Concurrent Mark Cycle 54.530ms
[2022-02-27T17:56:31.282+0800][2741.901s] Heap
[2022-02-27T17:56:31.282+0800][2741.901s]  garbage-first heap   total 524288K, used 281486K [0x00000000e0000000, 0x0000000100000000)
[2022-02-27T17:56:31.282+0800][2741.901s]   region size 1024K, 215 young (220160K), 4 survivors (4096K)
[2022-02-27T17:56:31.282+0800][2741.901s]  Metaspace       used 78335K, committed 78784K, reserved 1122304K
[2022-02-27T17:56:31.282+0800][2741.901s]   class space    used 8939K, committed 9152K, reserved 1048576K
